Archive member included to satisfy reference by file (symbol)

/home/akashv/Documents/CmpE127/SJSU-Dev/tools/gcc-arm-none-eabi-6-2017-q2-update/bin/../lib/gcc/arm-none-eabi/6.3.1/../../../../arm-none-eabi/lib/thumb/v7-m/libstdc++_nano.a(class_type_info.o)
                              obj//home/akashv/Documents/CmpE127/SJSU-Dev/firmware/lib/L5_HighLevel/examples/examples.o (vtable for __cxxabiv1::__class_type_info)
/home/akashv/Documents/CmpE127/SJSU-Dev/tools/gcc-arm-none-eabi-6-2017-q2-update/bin/../lib/gcc/arm-none-eabi/6.3.1/../../../../arm-none-eabi/lib/thumb/v7-m/libstdc++_nano.a(si_class_type_info.o)
                              obj//home/akashv/Documents/CmpE127/SJSU-Dev/firmware/lib/L5_HighLevel/examples/examples.o (vtable for __cxxabiv1::__si_class_type_info)
/home/akashv/Documents/CmpE127/SJSU-Dev/tools/gcc-arm-none-eabi-6-2017-q2-update/bin/../lib/gcc/arm-none-eabi/6.3.1/../../../../arm-none-eabi/lib/thumb/v7-m/libstdc++_nano.a(del_ops.o)
                              obj//home/akashv/Documents/CmpE127/SJSU-Dev/firmware/lib/L5_HighLevel/examples/examples.o (operator delete(void*, unsigned int))
/home/akashv/Documents/CmpE127/SJSU-Dev/tools/gcc-arm-none-eabi-6-2017-q2-update/bin/../lib/gcc/arm-none-eabi/6.3.1/../../../../arm-none-eabi/lib/thumb/v7-m/libstdc++_nano.a(guard.o)
                              obj//home/akashv/Documents/CmpE127/SJSU-Dev/firmware/lib/L5_HighLevel/source/high_level_init.o (__cxa_guard_acquire)
/home/akashv/Documents/CmpE127/SJSU-Dev/tools/gcc-arm-none-eabi-6-2017-q2-update/bin/../lib/gcc/arm-none-eabi/6.3.1/../../../../arm-none-eabi/lib/thumb/v7-m/libstdc++_nano.a(pure.o)
                              obj//home/akashv/Documents/CmpE127/SJSU-Dev/firmware/lib/L2_Drivers/base/char_dev.o (__cxa_pure_virtual)
/home/akashv/Documents/CmpE127/SJSU-Dev/tools/gcc-arm-none-eabi-6-2017-q2-update/bin/../lib/gcc/arm-none-eabi/6.3.1/../../../../arm-none-eabi/lib/thumb/v7-m/libstdc++_nano.a(vmi_class_type_info.o)
                              obj//home/akashv/Documents/CmpE127/SJSU-Dev/firmware/lib/L2_Drivers/src/uart0.o (vtable for __cxxabiv1::__vmi_class_type_info)
/home/akashv/Documents/CmpE127/SJSU-Dev/tools/gcc-arm-none-eabi-6-2017-q2-update/bin/../lib/gcc/arm-none-eabi/6.3.1/../../../../arm-none-eabi/lib/thumb/v7-m/libstdc++_nano.a(tinfo.o)
                              /home/akashv/Documents/CmpE127/SJSU-Dev/tools/gcc-arm-none-eabi-6-2017-q2-update/bin/../lib/gcc/arm-none-eabi/6.3.1/../../../../arm-none-eabi/lib/thumb/v7-m/libstdc++_nano.a(class_type_info.o) (std::type_info::~type_info())
/home/akashv/Documents/CmpE127/SJSU-Dev/tools/gcc-arm-none-eabi-6-2017-q2-update/bin/../lib/gcc/arm-none-eabi/6.3.1/../../../../arm-none-eabi/lib/thumb/v7-m/libstdc++_nano.a(eh_terminate.o)
                              /home/akashv/Documents/CmpE127/SJSU-Dev/tools/gcc-arm-none-eabi-6-2017-q2-update/bin/../lib/gcc/arm-none-eabi/6.3.1/../../../../arm-none-eabi/lib/thumb/v7-m/libstdc++_nano.a(pure.o) (std::terminate())
/home/akashv/Documents/CmpE127/SJSU-Dev/tools/gcc-arm-none-eabi-6-2017-q2-update/bin/../lib/gcc/arm-none-eabi/6.3.1/../../../../arm-none-eabi/lib/thumb/v7-m/libstdc++_nano.a(eh_term_handler.o)
                              /home/akashv/Documents/CmpE127/SJSU-Dev/tools/gcc-arm-none-eabi-6-2017-q2-update/bin/../lib/gcc/arm-none-eabi/6.3.1/../../../../arm-none-eabi/lib/thumb/v7-m/libstdc++_nano.a(eh_terminate.o) (__cxxabiv1::__terminate_handler)
/home/akashv/Documents/CmpE127/SJSU-Dev/tools/gcc-arm-none-eabi-6-2017-q2-update/bin/../lib/gcc/arm-none-eabi/6.3.1/../../../../arm-none-eabi/lib/thumb/v7-m/libstdc++_nano.a(eh_unex_handler.o)
                              /home/akashv/Documents/CmpE127/SJSU-Dev/tools/gcc-arm-none-eabi-6-2017-q2-update/bin/../lib/gcc/arm-none-eabi/6.3.1/../../../../arm-none-eabi/lib/thumb/v7-m/libstdc++_nano.a(eh_terminate.o) (__cxxabiv1::__unexpected_handler)
/home/akashv/Documents/CmpE127/SJSU-Dev/tools/gcc-arm-none-eabi-6-2017-q2-update/bin/../lib/gcc/arm-none-eabi/6.3.1/thumb/v7-m/libgcc.a(_ashldi3.o)
                              obj//home/akashv/Documents/CmpE127/SJSU-Dev/firmware/lib/L0_LowLevel/source/lpc_peripherals.o (__aeabi_llsl)
/home/akashv/Documents/CmpE127/SJSU-Dev/tools/gcc-arm-none-eabi-6-2017-q2-update/bin/../lib/gcc/arm-none-eabi/6.3.1/thumb/v7-m/libgcc.a(_arm_addsubdf3.o)
                              obj//home/akashv/Documents/CmpE127/SJSU-Dev/firmware/lib/L0_LowLevel/source/uart0_min.o (__aeabi_dadd)
/home/akashv/Documents/CmpE127/SJSU-Dev/tools/gcc-arm-none-eabi-6-2017-q2-update/bin/../lib/gcc/arm-none-eabi/6.3.1/thumb/v7-m/libgcc.a(_arm_fixunsdfsi.o)
                              obj//home/akashv/Documents/CmpE127/SJSU-Dev/firmware/lib/L0_LowLevel/source/uart0_min.o (__aeabi_d2uiz)
/home/akashv/Documents/CmpE127/SJSU-Dev/tools/gcc-arm-none-eabi-6-2017-q2-update/bin/../lib/gcc/arm-none-eabi/6.3.1/thumb/v7-m/libgcc.a(_arm_truncdfsf2.o)
[...]
Memory Configuration

Name             Origin             Length             Attributes
FLASH            0x0000000000010000 0x0000000000070000 xr
SRAM             0x0000000010000000 0x0000000000008000 xrw
SRAM_AHB         0x000000002007c000 0x0000000000008000 xrw
*default*        0x0000000000000000 0xffffffffffffffff

Linker script and memory map

LOAD bin/firmware.sym.o
LOAD obj//home/akashv/Documents/CmpE127/SJSU-Dev/firmware/lib/L1_FreeRTOS/hooks/hooks.o
LOAD obj//home/akashv/Documents/CmpE127/SJSU-Dev/firmware/lib/L1_FreeRTOS/portable/no_mpu/port.o
LOAD obj//home/akashv/Documents/CmpE127/SJSU-Dev/firmware/lib/L1_FreeRTOS/portable/run_time_stats.o
LOAD obj//home/akashv/Documents/CmpE127/SJSU-Dev/firmware/lib/L1_FreeRTOS/MemMang/freertos_mem_man.o
LOAD obj//home/akashv/Documents/CmpE127/SJSU-Dev/firmware/lib/L1_FreeRTOS/trace/trcKernel.o
LOAD obj//home/akashv/Documents/CmpE127/SJSU-Dev/firmware/lib/L1_FreeRTOS/trace/run_time_counter.o
LOAD obj//home/akashv/Documents/CmpE127/SJSU-Dev/firmware/lib/L1_FreeRTOS/trace/trcKernelPort.o
LOAD obj//home/akashv/Documents/CmpE127/SJSU-Dev/firmware/lib/L1_FreeRTOS/trace/trcHardwarePort.o
LOAD obj//home/akashv/Documents/CmpE127/SJSU-Dev/firmware/lib/L1_FreeRTOS/trace/trcUser.o
LOAD obj//home/akashv/Documents/CmpE127/SJSU-Dev/firmware/lib/L1_FreeRTOS/trace/trcBase.o
LOAD obj//home/akashv/Documents/CmpE127/SJSU-Dev/firmware/lib/L1_FreeRTOS/src/tasks.o
LOAD obj//home/akashv/Documents/CmpE127/SJSU-Dev/firmware/lib/L1_FreeRTOS/src/queue.o
LOAD obj//home/akashv/Documents/CmpE127/SJSU-Dev/firmware/lib/L1_FreeRTOS/src/timers.o
LOAD obj//home/akashv/Documents/CmpE127/SJSU-Dev/firmware/lib/L1_FreeRTOS/src/list.o
LOAD obj//home/akashv/Documents/CmpE127/SJSU-Dev/firmware/lib/L1_FreeRTOS/src/event_groups.o
LOAD obj//home/akashv/Documents/CmpE127/SJSU-Dev/firmware/lib/L1_FreeRTOS/src/croutine.o
LOAD obj//home/akashv/Documents/CmpE127/SJSU-Dev/firmware/lib/L4_IO/wireless/src/nrf24L01Plus.o
LOAD obj//home/akashv/Documents/CmpE127/SJSU-Dev/firmware/lib/L4_IO/wireless/src/mesh.o
LOAD obj//home/akashv/Documents/CmpE127/SJSU-Dev/firmware/lib/L4_IO/wireless/src/wireless.o
LOAD obj//home/akashv/Documents/CmpE127/SJSU-Dev/firmware/lib/L4_IO/fat/fatfs_time.o
LOAD obj//home/akashv/Documents/CmpE127/SJSU-Dev/firmware/lib/L4_IO/fat/ff.o
LOAD obj//home/akashv/Documents/CmpE127/SJSU-Dev/firmware/lib/L4_IO/fat/disk/sd.o
LOAD obj//home/akashv/Documents/CmpE127/SJSU-Dev/firmware/lib/L4_IO/fat/disk/spi_flash.o
LOAD obj//home/akashv/Documents/CmpE127/SJSU-Dev/firmware/lib/L4_IO/fat/disk/diskio.o
LOAD obj//home/akashv/Documents/CmpE127/SJSU-Dev/firmware/lib/L4_IO/fat/option/reentrant.o
LOAD obj//home/akashv/Documents/CmpE127/SJSU-Dev/firmware/lib/L4_IO/fat/option/ccsbcs.o
LOAD obj//home/akashv/Documents/CmpE127/SJSU-Dev/firmware/lib/L4_IO/src/io_source.o
LOAD obj//home/akashv/Documents/CmpE127/SJSU-Dev/firmware/lib/L4_IO/src/gpio.o
LOAD obj//home/akashv/Documents/CmpE127/SJSU-Dev/firmware/lib/L4_IO/src/storage.o
LOAD obj//home/akashv/Documents/CmpE127/SJSU-Dev/firmware/lib/newlib/newlib_syscalls.o
LOAD obj//home/akashv/Documents/CmpE127/SJSU-Dev/firmware/lib/newlib/newlib_time.o
LOAD obj//home/akashv/Documents/CmpE127/SJSU-Dev/firmware/lib/newlib/malloc_lock.o
LOAD obj//home/akashv/Documents/CmpE127/SJSU-Dev/firmware/lib/newlib/memory.o
LOAD obj//home/akashv/Documents/CmpE127/SJSU-Dev/firmware/lib/L5_HighLevel/examples/examples.o
LOAD obj//home/akashv/Documents/CmpE127/SJSU-Dev/firmware/lib/L5_HighLevel/examples/rn_xv_task.o
LOAD obj//home/akashv/Documents/CmpE127/SJSU-Dev/firmware/lib/L5_HighLevel/periodic_scheduler/prd_dispatcher.o
LOAD obj//home/akashv/Documents/CmpE127/SJSU-Dev/firmware/lib/L5_HighLevel/source/remote.o
LOAD obj//home/akashv/Documents/CmpE127/SJSU-Dev/firmware/lib/L5_HighLevel/source/terminal.o
LOAD obj//home/akashv/Documents/CmpE127/SJSU-Dev/firmware/lib/L5_HighLevel/source/high_level_init.o
LOAD obj//home/akashv/Documents/CmpE127/SJSU-Dev/firmware/lib/L5_HighLevel/source/cmd_handlers/handlers.o
LOAD obj//home/akashv/Documents/CmpE127/SJSU-Dev/firmware/lib/L5_HighLevel/source/cmd_handlers/prog_handlers.o
LOAD obj//home/akashv/Documents/CmpE127/SJSU-Dev/firmware/lib/L5_HighLevel/source/cmd_handlers/wireless_handlers.o
LOAD obj//home/akashv/Documents/CmpE127/SJSU-Dev/firmware/lib/L0_LowLevel/source/low_level_init.o
LOAD obj//home/akashv/Documents/CmpE127/SJSU-Dev/firmware/lib/L0_LowLevel/source/uart0_min.o
LOAD obj//home/akashv/Documents/CmpE127/SJSU-Dev/firmware/lib/L0_LowLevel/source/lpc_peripherals.o
LOAD obj//home/akashv/Documents/CmpE127/SJSU-Dev/firmware/lib/L0_LowLevel/source/core_cm3.o
LOAD obj//home/akashv/Documents/CmpE127/SJSU-Dev/firmware/lib/L0_LowLevel/source/lpc_sys.o
LOAD obj//home/akashv/Documents/CmpE127/SJSU-Dev/firmware/lib/L0_LowLevel/source/startup.o
LOAD obj//home/akashv/Documents/CmpE127/SJSU-Dev/firmware/lib/L0_LowLevel/source/sys_clock.o
LOAD obj//home/akashv/Documents/CmpE127/SJSU-Dev/firmware/lib/L2_Drivers/base/uart_dev.o
LOAD obj//home/akashv/Documents/CmpE127/SJSU-Dev/firmware/lib/L2_Drivers/base/i2c_base.o
LOAD obj//home/akashv/Documents/CmpE127/SJSU-Dev/firmware/lib/L2_Drivers/base/char_dev.o
LOAD obj//home/akashv/Documents/CmpE127/SJSU-Dev/firmware/lib/L2_Drivers/src/lpc_rit.o
LOAD obj//home/akashv/Documents/CmpE127/SJSU-Dev/firmware/lib/L2_Drivers/src/lpc_timers.o
LOAD obj//home/akashv/Documents/CmpE127/SJSU-Dev/firmware/lib/L2_Drivers/src/rtc.o
LOAD obj//home/akashv/Documents/CmpE127/SJSU-Dev/firmware/lib/L2_Drivers/src/adc.o
LOAD obj//home/akashv/Documents/CmpE127/SJSU-Dev/firmware/lib/L2_Drivers/src/uart0.o
LOAD obj//home/akashv/Documents/CmpE127/SJSU-Dev/firmware/lib/L2_Drivers/src/eint.o
LOAD obj//home/akashv/Documents/CmpE127/SJSU-Dev/firmware/lib/L2_Drivers/src/can.o
LOAD obj//home/akashv/Documents/CmpE127/SJSU-Dev/firmware/lib/L2_Drivers/src/uart2.o
LOAD obj//home/akashv/Documents/CmpE127/SJSU-Dev/firmware/lib/L2_Drivers/src/spi_sem.o
LOAD obj//home/akashv/Documents/CmpE127/SJSU-Dev/firmware/lib/L2_Drivers/src/lpc_pwm.o
LOAD obj//home/akashv/Documents/CmpE127/SJSU-Dev/firmware/lib/L2_Drivers/src/nrf_stream.o
LOAD obj//home/akashv/Documents/CmpE127/SJSU-Dev/firmware/lib/L2_Drivers/src/spi_dma.o
LOAD obj//home/akashv/Documents/CmpE127/SJSU-Dev/firmware/lib/L2_Drivers/src/i2c2.o
LOAD obj//home/akashv/Documents/CmpE127/SJSU-Dev/firmware/lib/L2_Drivers/src/uart3.o
LOAD obj//home/akashv/Documents/CmpE127/SJSU-Dev/firmware/lib/L3_Utils/tlm/src/c_tlm_stream.o
LOAD obj//home/akashv/Documents/CmpE127/SJSU-Dev/firmware/lib/L3_Utils/tlm/src/c_tlm_binary.o
LOAD obj//home/akashv/Documents/CmpE127/SJSU-Dev/firmware/lib/L3_Utils/tlm/src/c_tlm_var.o
LOAD obj//home/akashv/Documents/CmpE127/SJSU-Dev/firmware/lib/L3_Utils/tlm/src/c_tlm_comp.o
LOAD obj//home/akashv/Documents/CmpE127/SJSU-Dev/firmware/lib/L3_Utils/src/freertos_timer.o
LOAD obj//home/akashv/Documents/CmpE127/SJSU-Dev/firmware/lib/L3_Utils/src/utilities.o
LOAD obj//home/akashv/Documents/CmpE127/SJSU-Dev/firmware/lib/L3_Utils/src/str.o
LOAD obj//home/akashv/Documents/CmpE127/SJSU-Dev/firmware/lib/L3_Utils/src/c_list.o
LOAD obj//home/akashv/Documents/CmpE127/SJSU-Dev/firmware/lib/L3_Utils/src/scheduler_task.o
LOAD obj//home/akashv/Documents/CmpE127/SJSU-Dev/firmware/lib/L3_Utils/src/printf_lib.o
LOAD obj//home/akashv/Documents/CmpE127/SJSU-Dev/firmware/lib/L3_Utils/src/command_handler.o
LOAD obj//home/akashv/Documents/CmpE127/SJSU-Dev/firmware/lib/L3_Utils/src/rtc_alarm.o
LOAD obj//home/akashv/Documents/CmpE127/SJSU-Dev/firmware/lib/L3_Utils/src/file_logger.o
LOAD obj/L5_Application/main.o
LOAD /home/akashv/Documents/CmpE127/SJSU-Dev/tools/gcc-arm-none-eabi-6-2017-q2-update/bin/../lib/gcc/arm-none-eabi/6.3.1/../../../../arm-none-eabi/lib/thumb/v7-m/libstdc++_nano.a
LOAD /home/akashv/Documents/CmpE127/SJSU-Dev/tools/gcc-arm-none-eabi-6-2017-q2-update/bin/../lib/gcc/arm-none-eabi/6.3.1/../../../../arm-none-eabi/lib/thumb/v7-m/libm.a
START GROUP
LOAD /home/akashv/Documents/CmpE127/SJSU-Dev/tools/gcc-arm-none-eabi-6-2017-q2-update/bin/../lib/gcc/arm-none-eabi/6.3.1/thumb/v7-m/libgcc.a
LOAD /home/akashv/Documents/CmpE127/SJSU-Dev/tools/gcc-arm-none-eabi-6-2017-q2-update/bin/../lib/gcc/arm-none-eabi/6.3.1/../../../../arm-none-eabi/lib/thumb/v7-m/libc_nano.a
END GROUP
START GROUP
LOAD /home/akashv/Documents/CmpE127/SJSU-Dev/tools/gcc-arm-none-eabi-6-2017-q2-update/bin/../lib/gcc/arm-none-eabi/6.3.1/thumb/v7-m/libgcc.a
LOAD /home/akashv/Documents/CmpE127/SJSU-Dev/tools/gcc-arm-none-eabi-6-2017-q2-update/bin/../lib/gcc/arm-none-eabi/6.3.1/../../../../arm-none-eabi/lib/thumb/v7-m/libc_nano.a
END GROUP

.text           0x0000000000010000    0x12796
 FILL mask 0xff
 *(.isr_vector)
 .isr_vector    0x0000000000010000       0xcc obj//home/akashv/Documents/CmpE127/SJSU-Dev/firmware/lib/L0_LowLevel/source/startup.o
                0x0000000000010000                g_pfnVectors
                0x00000000000100cc                . = ALIGN (0x4)
                0x00000000000100cc                __section_table_start = .
                0x00000000000100cc                __data_section_table = .
                0x00000000000100cc        0x4 LONG 0x227a0 LOADADDR (.data)
                0x00000000000100d0        0x4 LONG 0x2007c000 ADDR (.data)
                0x00000000000100d4        0x4 LONG 0x2fc SIZEOF (.data)
                0x00000000000100d8                __data_section_table_end = .
                0x00000000000100d8                __bss_section_table = .
                0x00000000000100d8        0x4 LONG 0x2007c300 ADDR (.bss)
                0x00000000000100dc        0x4 LONG 0x4b4 SIZEOF (.bss)
                0x00000000000100e0                __bss_section_table_end = .
                0x00000000000100e0                __section_table_end = .
 *(.after_vectors*)
 .after_vectors
                0x00000000000100e0      0x120 obj//home/akashv/Documents/CmpE127/SJSU-Dev/firmware/lib/L0_LowLevel/source/startup.o
                0x00000000000100e0                isr_hard_fault
                0x00000000000100fa                isr_nmi
                0x0000000000010108                isr_mem_fault
                0x0000000000010118                isr_bus_fault
                0x0000000000010128                isr_usage_fault
                0x0000000000010138                isr_debug_mon
                0x0000000000010148                TIMER2_IRQHandler
                0x0000000000010148                I2C0_IRQHandler
                0x0000000000010148                PWM1_IRQHandler
                0x0000000000010148                I2C1_IRQHandler
                0x0000000000010148                EINT2_IRQHandler
                0x0000000000010148                UART1_IRQHandler
                0x0000000000010148                TIMER3_IRQHandler
                0x0000000000010148                PLL0_IRQHandler
                0x0000000000010148                PLL1_IRQHandler
                0x0000000000010148                SSP0_IRQHandler
                0x0000000000010148                CANAct_IRQHandler
                0x0000000000010148                I2S_IRQHandler
                0x0000000000010148                TIMER0_IRQHandler
                0x0000000000010148                SPI_IRQHandler
                0x0000000000010148                EINT1_IRQHandler
                0x0000000000010148                isr_default_handler
                0x0000000000010148                SSP1_IRQHandler
                0x0000000000010148                USB_IRQHandler
                0x0000000000010148                BOD_IRQHandler
                0x0000000000010148                WDT_IRQHandler
                0x0000000000010148                QEI_IRQHandler
                0x0000000000010148                EINT0_IRQHandler
                0x0000000000010148                DMA_IRQHandler
                0x0000000000010148                MCPWM_IRQHandler
                0x0000000000010148                ENET_IRQHandler
                0x0000000000010148                USBAct_IRQHandler
                0x0000000000010158                isr_sys_tick
                0x000000000001016a                data_init(unsigned int, unsigned int, unsigned int)
                0x0000000000010180                bss_init(unsigned int, unsigned int)
                0x0000000000010194                isr_reset
 *(.text*)
 .text.vApplicationStackOverflowHook
                0x0000000000010200       0x38 obj//home/akashv/Documents/CmpE127/SJSU-Dev/firmware/lib/L1_FreeRTOS/hooks/hooks.o
                0x0000000000010200                vApplicationStackOverflowHook
 .text.vApplicationMallocFailedHook
                0x0000000000010238       0x24 obj//home/akashv/Documents/CmpE127/SJSU-Dev/firmware/lib/L1_FreeRTOS/hooks/hooks.o
                0x0000000000010238                vApplicationMallocFailedHook
 .text.prvTaskExitError
                0x000000000001025c       0x12 obj//home/akashv/Documents/CmpE127/SJSU-Dev/firmware/lib/L1_FreeRTOS/portable/no_mpu/port.o
 *fill*         0x000000000001026e        0x2 ff
 .text.pxPortInitialiseStack
                0x0000000000010270       0x24 obj//home/akashv/Documents/CmpE127/SJSU-Dev/firmware/lib/L1_FreeRTOS/portable/no_mpu/port.o
                0x0000000000010270                pxPortInitialiseStack
 *fill*         0x0000000000010294        0xc ff
 .text.vPortSVCHandler
                0x00000000000102a0       0x24 obj//home/akashv/Documents/CmpE127/SJSU-Dev/firmware/lib/L1_FreeRTOS/portable/no_mpu/port.o
                0x00000000000102a0                vPortSVCHandler
 .text.vPortEnterCritical
                0x00000000000102c4       0x20 obj//home/akashv/Documents/CmpE127/SJSU-Dev/firmware/lib/L1_FreeRTOS/portable/no_mpu/port.o
                0x00000000000102c4                vPortEnterCritical
 .text.vPortExitCritical
                0x00000000000102e4       0x14 obj//home/akashv/Documents/CmpE127/SJSU-Dev/firmware/lib/L1_FreeRTOS/portable/no_mpu/port.o
                0x00000000000102e4                vPortExitCritical
 *fill*         0x00000000000102f8        0x8 ff
 .text.xPortPendSVHandler
                0x0000000000010300       0x44 obj//home/akashv/Documents/CmpE127/SJSU-Dev/firmware/lib/L1_FreeRTOS/portable/no_mpu/port.o
                0x0000000000010300                xPortPendSVHandler
 .text.xPortSysTickHandler
                0x0000000000010344       0x2c obj//home/akashv/Documents/CmpE127/SJSU-Dev/firmware/lib/L1_FreeRTOS/portable/no_mpu/port.o
                0x0000000000010344                xPortSysTickHandler
 .text.rts_not_full_trace_get
                0x0000000000010370       0x14 obj//home/akashv/Documents/CmpE127/SJSU-Dev/firmware/lib/L1_FreeRTOS/portable/run_time_stats.o
                0x0000000000010370                rts_not_full_trace_get
 .text.pvPortMalloc
                0x0000000000010384       0x1e obj//home/akashv/Documents/CmpE127/SJSU-Dev/firmware/lib/L1_FreeRTOS/MemMang/freertos_mem_man.o
                0x0000000000010384                pvPortMalloc
 .text.vPortFree
                0x00000000000103a2       0x1a obj//home/akashv/Documents/CmpE127/SJSU-Dev/firmware/lib/L1_FreeRTOS/MemMang/freertos_mem_man.o
                0x00000000000103a2                vPortFree
 .text.prvResetNextTaskUnblockTime
                0x00000000000103bc       0x24 obj//home/akashv/Documents/CmpE127/SJSU-Dev/firmware/lib/L1_FreeRTOS/src/tasks.o
 .text.prvAddCurrentTaskToDelayedList
                0x00000000000103e0       0x8c obj//home/akashv/Documents/CmpE127/SJSU-Dev/firmware/lib/L1_FreeRTOS/src/tasks.o
 .text.xTaskCreate
                0x000000000001046c      0x1a4 obj//home/akashv/Documents/CmpE127/SJSU-Dev/firmware/lib/L1_FreeRTOS/src/tasks.o
                0x000000000001046c                xTaskCreate
 .text.vTaskSuspendAll
                0x0000000000010610       0x10 obj//home/akashv/Documents/CmpE127/SJSU-Dev/firmware/lib/L1_FreeRTOS/src/tasks.o
                0x0000000000010610                vTaskSuspendAll
 .text.xTaskGetTickCountFromISR
                0x0000000000010620        0xc obj//home/akashv/Documents/CmpE127/SJSU-Dev/firmware/lib/L1_FreeRTOS/src/tasks.o
                0x0000000000010620                xTaskGetTickCountFromISR
 .text.xTaskIncrementTick
                0x000000000001062c      0x10c obj//home/akashv/Documents/CmpE127/SJSU-Dev/firmware/lib/L1_FreeRTOS/src/tasks.o
                0x000000000001062c                xTaskIncrementTick
 .text.xTaskResumeAll
                0x0000000000010738       0xd8 obj//home/akashv/Documents/CmpE127/SJSU-Dev/firmware/lib/L1_FreeRTOS/src/tasks.o
                0x0000000000010738                xTaskResumeAll
 .text.vTaskDelay
                0x0000000000010810       0x30 obj//home/akashv/Documents/CmpE127/SJSU-Dev/firmware/lib/L1_FreeRTOS/src/tasks.o
                0x0000000000010810                vTaskDelay
 .text.vTaskSwitchContext
                0x0000000000010840       0xb8 obj//home/akashv/Documents/CmpE127/SJSU-Dev/firmware/lib/L1_FreeRTOS/src/tasks.o
                0x0000000000010840                vTaskSwitchContext
 .text.vTaskPlaceOnEventList
                0x00000000000108f8       0x20 obj//home/akashv/Documents/CmpE127/SJSU-Dev/firmware/lib/L1_FreeRTOS/src/tasks.o
                0x00000000000108f8                vTaskPlaceOnEventList
 .text.xTaskRemoveFromEventList
                0x0000000000010918       0x70 obj//home/akashv/Documents/CmpE127/SJSU-Dev/firmware/lib/L1_FreeRTOS/src/tasks.o
                0x0000000000010918                xTaskRemoveFromEventList
 .text.vTaskSetTimeOutState
                0x0000000000010988       0x18 obj//home/akashv/Documents/CmpE127/SJSU-Dev/firmware/lib/L1_FreeRTOS/src/tasks.o
                0x0000000000010988                vTaskSetTimeOutState
 .text.xTaskCheckForTimeOut
                0x00000000000109a0       0x4c obj//home/akashv/Documents/CmpE127/SJSU-Dev/firmware/lib/L1_FreeRTOS/src/tasks.o
                0x00000000000109a0                xTaskCheckForTimeOut
 .text.vTaskMissedYield
                0x00000000000109ec        0xc obj//home/akashv/Documents/CmpE127/SJSU-Dev/firmware/lib/L1_FreeRTOS/src/tasks.o
                0x00000000000109ec                vTaskMissedYield
 .text.xTaskGetSchedulerState
                0x00000000000109f8       0x20 obj//home/akashv/Documents/CmpE127/SJSU-Dev/firmware/lib/L1_FreeRTOS/src/tasks.o
                0x00000000000109f8                xTaskGetSchedulerState
 .text.vTaskPriorityInherit
                0x0000000000010a18       0x90 obj//home/akashv/Documents/CmpE127/SJSU-Dev/firmware/lib/L1_FreeRTOS/src/tasks.o
                0x0000000000010a18                vTaskPriorityInherit
 .text.xTaskPriorityDisinherit
                0x0000000000010aa8       0x70 obj//home/akashv/Documents/CmpE127/SJSU-Dev/firmware/lib/L1_FreeRTOS/src/tasks.o
                0x0000000000010aa8                xTaskPriorityDisinherit
 .text.pvTaskIncrementMutexHeldCount
                0x0000000000010b18       0x18 obj//home/akashv/Documents/CmpE127/SJSU-Dev/firmware/lib/L1_FreeRTOS/src/tasks.o
                0x0000000000010b18                pvTaskIncrementMutexHeldCount
 .text.vRunTimeStatIsrEntry
                0x0000000000010b30       0x28 obj//home/akashv/Documents/CmpE127/SJSU-Dev/firmware/lib/L1_FreeRTOS/src/tasks.o
                0x0000000000010b30                vRunTimeStatIsrEntry
 .text.vRunTimeStatIsrExit
                0x0000000000010b58       0x10 obj//home/akashv/Documents/CmpE127/SJSU-Dev/firmware/lib/L1_FreeRTOS/src/tasks.o
                0x0000000000010b58                vRunTimeStatIsrExit
 .text.prvCopyDataToQueue
                0x0000000000010b68       0x66 obj//home/akashv/Documents/CmpE127/SJSU-Dev/firmware/lib/L1_FreeRTOS/src/queue.o
 .text.prvNotifyQueueSetContainer
                0x0000000000010bce       0x4a obj//home/akashv/Documents/CmpE127/SJSU-Dev/firmware/lib/L1_FreeRTOS/src/queue.o
 .text.prvCopyDataFromQueue
                0x0000000000010c18       0x28 obj//home/akashv/Documents/CmpE127/SJSU-Dev/firmware/lib/L1_FreeRTOS/src/queue.o
 .text.prvUnlockQueue
                0x0000000000010c40       0x7e obj//home/akashv/Documents/CmpE127/SJSU-Dev/firmware/lib/L1_FreeRTOS/src/queue.o
 *fill*         0x0000000000010cbe        0x2 ff
 .text.xQueueGenericReset
                0x0000000000010cc0       0x6c obj//home/akashv/Documents/CmpE127/SJSU-Dev/firmware/lib/L1_FreeRTOS/src/queue.o
                0x0000000000010cc0                xQueueGenericReset
 .text.xQueueGenericCreate
                0x0000000000010d2c       0x32 obj//home/akashv/Documents/CmpE127/SJSU-Dev/firmware/lib/L1_FreeRTOS/src/queue.o
                0x0000000000010d2c                xQueueGenericCreate
 *fill*         0x0000000000010d5e        0x2 ff
 .text.xQueueGenericSend
                0x0000000000010d60      0x104 obj//home/akashv/Documents/CmpE127/SJSU-Dev/firmware/lib/L1_FreeRTOS/src/queue.o
                0x0000000000010d60                xQueueGenericSend
 .text.xQueueCreateMutex
                0x0000000000010e64       0x24 obj//home/akashv/Documents/CmpE127/SJSU-Dev/firmware/lib/L1_FreeRTOS/src/queue.o
                0x0000000000010e64                xQueueCreateMutex
 .text.xQueueGenericSendFromISR
                0x0000000000010e88       0x80 obj//home/akashv/Documents/CmpE127/SJSU-Dev/firmware/lib/L1_FreeRTOS/src/queue.o
                0x0000000000010e88                xQueueGenericSendFromISR
 .text.xQueueGiveFromISR
                0x0000000000010f08       0x68 obj//home/akashv/Documents/CmpE127/SJSU-Dev/firmware/lib/L1_FreeRTOS/src/queue.o
                0x0000000000010f08                xQueueGiveFromISR
 .text.xQueueGenericReceive
                0x0000000000010f70      0x134 obj//home/akashv/Documents/CmpE127/SJSU-Dev/firmware/lib/L1_FreeRTOS/src/queue.o
                0x0000000000010f70                xQueueGenericReceive
 .text.xQueueReceiveFromISR
                0x00000000000110a4       0x68 obj//home/akashv/Documents/CmpE127/SJSU-Dev/firmware/lib/L1_FreeRTOS/src/queue.o
                0x00000000000110a4                xQueueReceiveFromISR
 .text.uxQueueMessagesWaiting
                0x000000000001110c       0x12 obj//home/akashv/Documents/CmpE127/SJSU-Dev/firmware/lib/L1_FreeRTOS/src/queue.o
                0x000000000001110c                uxQueueMessagesWaiting
 .text.uxQueueMessagesWaitingFromISR
                0x000000000001111e        0x4 obj//home/akashv/Documents/CmpE127/SJSU-Dev/firmware/lib/L1_FreeRTOS/src/queue.o
                0x000000000001111e                uxQueueMessagesWaitingFromISR
 .text.vListInitialise
                0x0000000000011122       0x16 obj//home/akashv/Documents/CmpE127/SJSU-Dev/firmware/lib/L1_FreeRTOS/src/list.o
                0x0000000000011122                vListInitialise
 .text.vListInitialiseItem
                0x0000000000011138        0x6 obj//home/akashv/Documents/CmpE127/SJSU-Dev/firmware/lib/L1_FreeRTOS/src/list.o
                0x0000000000011138                vListInitialiseItem
 .text.vListInsertEnd
                0x000000000001113e       0x18 obj//home/akashv/Documents/CmpE127/SJSU-Dev/firmware/lib/L1_FreeRTOS/src/list.o
                0x000000000001113e                vListInsertEnd
 .text.vListInsert
                0x0000000000011156       0x2e obj//home/akashv/Documents/CmpE127/SJSU-Dev/firmware/lib/L1_FreeRTOS/src/list.o
                0x0000000000011156                vListInsert
 .text.uxListRemove
                0x0000000000011184       0x20 obj//home/akashv/Documents/CmpE127/SJSU-Dev/firmware/lib/L1_FreeRTOS/src/list.o
                0x0000000000011184                uxListRemove
 .text.nordic_transfer
                0x00000000000111a4       0xe8 obj//home/akashv/Documents/CmpE127/SJSU-Dev/firmware/lib/L4_IO/wireless/src/nrf24L01Plus.o
 .text.nordic_readRegister
                0x000000000001128c       0x20 obj//home/akashv/Documents/CmpE127/SJSU-Dev/firmware/lib/L4_IO/wireless/src/nrf24L01Plus.o
 .text.nordic_writeRegister
                0x00000000000112ac       0x1e obj//home/akashv/Documents/CmpE127/SJSU-Dev/firmware/lib/L4_IO/wireless/src/nrf24L01Plus.o
 .text.nordic_is_tx_fifo_empty
                0x00000000000112ca        0xe obj//home/akashv/Documents/CmpE127/SJSU-Dev/firmware/lib/L4_IO/wireless/src/nrf24L01Plus.o
                0x00000000000112ca                nordic_is_tx_fifo_empty
 .text.nordic_clear_all_intr_flags
                0x00000000000112d8        0x8 obj//home/akashv/Documents/CmpE127/SJSU-Dev/firmware/lib/L4_IO/wireless/src/nrf24L01Plus.o
                0x00000000000112d8                nordic_clear_all_intr_flags
 .text.nordic_queue_tx_fifo
                0x00000000000112e0        0xc obj//home/akashv/Documents/CmpE127/SJSU-Dev/firmware/lib/L4_IO/wireless/src/nrf24L01Plus.o
                0x00000000000112e0                nordic_queue_tx_fifo
 .text.nordic_standby1_to_tx_mode1
                0x00000000000112ec       0x16 obj//home/akashv/Documents/CmpE127/SJSU-Dev/firmware/lib/L4_IO/wireless/src/nrf24L01Plus.o
                0x00000000000112ec                nordic_standby1_to_tx_mode1
 *fill*         0x0000000000011302        0x2 ff
 .text.nordic_rx_to_Stanby1
                0x0000000000011304       0x10 obj//home/akashv/Documents/CmpE127/SJSU-Dev/firmware/lib/L4_IO/wireless/src/nrf24L01Plus.o
                0x0000000000011304                nordic_rx_to_Stanby1
 .text.nordic_standby1_to_rx
                0x0000000000011314       0x24 obj//home/akashv/Documents/CmpE127/SJSU-Dev/firmware/lib/L4_IO/wireless/src/nrf24L01Plus.o
                0x0000000000011314                nordic_standby1_to_rx
 .text.nordic_clear_packet_sent_flag
                0x0000000000011338        0x8 obj//home/akashv/Documents/CmpE127/SJSU-Dev/firmware/lib/L4_IO/wireless/src/nrf24L01Plus.o
                0x0000000000011338                nordic_clear_packet_sent_flag
 .text.nordic_flush_tx_fifo
                0x0000000000011340        0xc obj//home/akashv/Documents/CmpE127/SJSU-Dev/firmware/lib/L4_IO/wireless/src/nrf24L01Plus.o
                0x0000000000011340                nordic_flush_tx_fifo
 .text.nordic_mode1_send_single_packet
                0x000000000001134c       0x4c obj//home/akashv/Documents/CmpE127/SJSU-Dev/firmware/lib/L4_IO/wireless/src/nrf24L01Plus.o
                0x000000000001134c                nordic_mode1_send_single_packet
 .text.nordic_is_packet_available
                0x0000000000011398       0x10 obj//home/akashv/Documents/CmpE127/SJSU-Dev/firmware/lib/L4_IO/wireless/src/nrf24L01Plus.o
                0x0000000000011398                nordic_is_packet_available
 .text.nordic_clear_packet_available_flag
                0x00000000000113a8        0x8 obj//home/akashv/Documents/CmpE127/SJSU-Dev/firmware/lib/L4_IO/wireless/src/nrf24L01Plus.o
                0x00000000000113a8                nordic_clear_packet_available_flag
 .text.nordic_read_rx_fifo
                0x00000000000113b0       0x14 obj//home/akashv/Documents/CmpE127/SJSU-Dev/firmware/lib/L4_IO/wireless/src/nrf24L01Plus.o
                0x00000000000113b0                nordic_read_rx_fifo
 .text.nordic_flush_rx_fifo
                0x00000000000113c4        0xc obj//home/akashv/Documents/CmpE127/SJSU-Dev/firmware/lib/L4_IO/wireless/src/nrf24L01Plus.o
                0x00000000000113c4                nordic_flush_rx_fifo
 .text.nordic_set_intr_signals
                0x00000000000113d0       0x3e obj//home/akashv/Documents/CmpE127/SJSU-Dev/firmware/lib/L4_IO/wireless/src/nrf24L01Plus.o
                0x00000000000113d0                nordic_set_intr_signals
 .text.nordic_set_crc
                0x000000000001140e       0x38 obj//home/akashv/Documents/CmpE127/SJSU-Dev/firmware/lib/L4_IO/wireless/src/nrf24L01Plus.o
                0x000000000001140e                nordic_set_crc
 .text.nordic_power_up
                0x0000000000011446       0x18 obj//home/akashv/Documents/CmpE127/SJSU-Dev/firmware/lib/L4_IO/wireless/src/nrf24L01Plus.o
                0x0000000000011446                nordic_power_up
 .text.nordic_power_down
                0x000000000001145e       0x16 obj//home/akashv/Documents/CmpE127/SJSU-Dev/firmware/lib/L4_IO/wireless/src/nrf24L01Plus.o
                0x000000000001145e                nordic_power_down
 .text.nordic_set_channel
                0x0000000000011474       0x24 obj//home/akashv/Documents/CmpE127/SJSU-Dev/firmware/lib/L4_IO/wireless/src/nrf24L01Plus.o
                0x0000000000011474                nordic_set_channel
 .text.nordic_set_air_data_rate
                0x0000000000011498       0x2c obj//home/akashv/Documents/CmpE127/SJSU-Dev/firmware/lib/L4_IO/wireless/src/nrf24L01Plus.o
                0x0000000000011498                nordic_set_air_data_rate
 .text.nordic_set_power_level
                0x00000000000114c4       0x24 obj//home/akashv/Documents/CmpE127/SJSU-Dev/firmware/lib/L4_IO/wireless/src/nrf24L01Plus.o
                0x00000000000114c4                nordic_set_power_level
 .text.nordic_set_auto_transmit_options
                0x00000000000114e8       0x2c obj//home/akashv/Documents/CmpE127/SJSU-Dev/firmware/lib/L4_IO/wireless/src/nrf24L01Plus.o
                0x00000000000114e8                nordic_set_auto_transmit_options
 .text.nordic_set_payload_for_pipe
                0x0000000000011514       0x14 obj//home/akashv/Documents/CmpE127/SJSU-Dev/firmware/lib/L4_IO/wireless/src/nrf24L01Plus.o
                0x0000000000011514                nordic_set_payload_for_pipe
 .text.nordic_set_addr_width
                0x0000000000011528       0x16 obj//home/akashv/Documents/CmpE127/SJSU-Dev/firmware/lib/L4_IO/wireless/src/nrf24L01Plus.o
                0x0000000000011528                nordic_set_addr_width
 .text.nordic_set_tx_address
                0x000000000001153e        0xc obj//home/akashv/Documents/CmpE127/SJSU-Dev/firmware/lib/L4_IO/wireless/src/nrf24L01Plus.o
                0x000000000001153e                nordic_set_tx_address
 .text.nordic_set_rx_pipe0_addr
                0x000000000001154a        0xc obj//home/akashv/Documents/CmpE127/SJSU-Dev/firmware/lib/L4_IO/wireless/src/nrf24L01Plus.o
                0x000000000001154a                nordic_set_rx_pipe0_addr
 *fill*         0x0000000000011556        0x2 ff
 .text.nordic_init
                0x0000000000011558       0xc8 obj//home/akashv/Documents/CmpE127/SJSU-Dev/firmware/lib/L4_IO/wireless/src/nrf24L01Plus.o
                0x0000000000011558                nordic_init
 .text.mesh_incr_soft_timers_for_arr
                0x0000000000011620       0x26 obj//home/akashv/Documents/CmpE127/SJSU-Dev/firmware/lib/L4_IO/wireless/src/mesh.o
 *fill*         0x0000000000011646        0x2 ff
 .text.mesh_update_soft_timers
                0x0000000000011648       0x4c obj//home/akashv/Documents/CmpE127/SJSU-Dev/firmware/lib/L4_IO/wireless/src/mesh.o
 .text.mesh_send_packet
                0x0000000000011694       0x3c obj//home/akashv/Documents/CmpE127/SJSU-Dev/firmware/lib/L4_IO/wireless/src/mesh.o
 .text.mesh_send_retry_packet
                0x00000000000116d0       0x34 obj//home/akashv/Documents/CmpE127/SJSU-Dev/firmware/lib/L4_IO/wireless/src/mesh.o
 .text.mesh_find_rte_tbl_entry
                0x0000000000011704       0x24 obj//home/akashv/Documents/CmpE127/SJSU-Dev/firmware/lib/L4_IO/wireless/src/mesh.o
 .text.mesh_update_rte_scores
                0x0000000000011728       0x28 obj//home/akashv/Documents/CmpE127/SJSU-Dev/firmware/lib/L4_IO/wireless/src/mesh.o
 .text.mesh_get_pnd_pkt_slot
                0x0000000000011750       0x40 obj//home/akashv/Documents/CmpE127/SJSU-Dev/firmware/lib/L4_IO/wireless/src/mesh.o
 .text.mesh_pending_packets_add
                0x0000000000011790       0x90 obj//home/akashv/Documents/CmpE127/SJSU-Dev/firmware/lib/L4_IO/wireless/src/mesh.o
 .text.mesh_get_rte_to_modify
                0x0000000000011820       0x58 obj//home/akashv/Documents/CmpE127/SJSU-Dev/firmware/lib/L4_IO/wireless/src/mesh.o
 .text.mesh_handle_pnd_pkts_for_arr
                0x0000000000011878      0x178 obj//home/akashv/Documents/CmpE127/SJSU-Dev/firmware/lib/L4_IO/wireless/src/mesh.o
 .text.mesh_set_node_address
                0x00000000000119f0       0x18 obj//home/akashv/Documents/CmpE127/SJSU-Dev/firmware/lib/L4_IO/wireless/src/mesh.o
                0x00000000000119f0                mesh_set_node_address
 .text.mesh_get_node_address
                0x0000000000011a08        0xc obj//home/akashv/Documents/CmpE127/SJSU-Dev/firmware/lib/L4_IO/wireless/src/mesh.o
                0x0000000000011a08                mesh_get_node_address
 .text.mesh_form_pkt
                0x0000000000011a14       0xf8 obj//home/akashv/Documents/CmpE127/SJSU-Dev/firmware/lib/L4_IO/wireless/src/mesh.o
                0x0000000000011a14                mesh_form_pkt
 .text.mesh_send_formed_pkt
                0x0000000000011b0c       0x58 obj//home/akashv/Documents/CmpE127/SJSU-Dev/firmware/lib/L4_IO/wireless/src/mesh.o
                0x0000000000011b0c                mesh_send_formed_pkt
 .text.mesh_init
                0x0000000000011b64      0x100 obj//home/akashv/Documents/CmpE127/SJSU-Dev/firmware/lib/L4_IO/wireless/src/mesh.o
                0x0000000000011b64                mesh_init
 .text.mesh_send
                0x0000000000011c64       0x3e obj//home/akashv/Documents/CmpE127/SJSU-Dev/firmware/lib/L4_IO/wireless/src/mesh.o
                0x0000000000011c64                mesh_send
 .text.mesh_send_ack
                0x0000000000011ca2       0x1a obj//home/akashv/Documents/CmpE127/SJSU-Dev/firmware/lib/L4_IO/wireless/src/mesh.o
 .text.mesh_get_num_routing_entries
                0x0000000000011cbc       0x1c obj//home/akashv/Documents/CmpE127/SJSU-Dev/firmware/lib/L4_IO/wireless/src/mesh.o
                0x0000000000011cbc                mesh_get_num_routing_entries
 .text.mesh_service
                0x0000000000011cd8      0x2d0 obj//home/akashv/Documents/CmpE127/SJSU-Dev/firmware/lib/L4_IO/wireless/src/mesh.o
                0x0000000000011cd8                mesh_service
 .text.mesh_get_pnd_pkt_count
                0x0000000000011fa8       0x34 obj//home/akashv/Documents/CmpE127/SJSU-Dev/firmware/lib/L4_IO/wireless/src/mesh.o
                0x0000000000011fa8                mesh_get_pnd_pkt_count
 .text.nrf_driver_init
                0x0000000000011fdc       0x70 obj//home/akashv/Documents/CmpE127/SJSU-Dev/firmware/lib/L4_IO/wireless/src/wireless.o
 .text.nrf_driver_app_recv
                0x000000000001204c       0x50 obj//home/akashv/Documents/CmpE127/SJSU-Dev/firmware/lib/L4_IO/wireless/src/wireless.o
 .text.nrf_driver_send
                0x000000000001209c       0x58 obj//home/akashv/Documents/CmpE127/SJSU-Dev/firmware/lib/L4_IO/wireless/src/wireless.o
 .text.nrf_irq_callback
                0x00000000000120f4       0x34 obj//home/akashv/Documents/CmpE127/SJSU-Dev/firmware/lib/L4_IO/wireless/src/wireless.o
 .text.nrf_driver_receive
                0x0000000000012128       0x22 obj//home/akashv/Documents/CmpE127/SJSU-Dev/firmware/lib/L4_IO/wireless/src/wireless.o
 .text.nrf_driver_get_timer
                0x000000000001214a       0x28 obj//home/akashv/Documents/CmpE127/SJSU-Dev/firmware/lib/L4_IO/wireless/src/wireless.o
 *fill*         0x0000000000012172        0x2 ff
 .text.wireless_init
                0x0000000000012174       0x4c obj//home/akashv/Documents/CmpE127/SJSU-Dev/firmware/lib/L4_IO/wireless/src/wireless.o
                0x0000000000012174                wireless_init
 .text.wireless_service
                0x00000000000121c0       0x4c obj//home/akashv/Documents/CmpE127/SJSU-Dev/firmware/lib/L4_IO/wireless/src/wireless.o
                0x00000000000121c0                wireless_service
 .text.get_fattime
                0x000000000001220c       0x52 obj//home/akashv/Documents/CmpE127/SJSU-Dev/firmware/lib/L4_IO/fat/fatfs_time.o
                0x000000000001220c                get_fattime
 .text.mem_cpy  0x000000000001225e       0x38 obj//home/akashv/Documents/CmpE127/SJSU-Dev/firmware/lib/L4_IO/fat/ff.o
 .text.mem_set  0x0000000000012296        0xe obj//home/akashv/Documents/CmpE127/SJSU-Dev/firmware/lib/L4_IO/fat/ff.o
 .text.sum_sfn  0x00000000000122a4       0x1e obj//home/akashv/Documents/CmpE127/SJSU-Dev/firmware/lib/L4_IO/fat/ff.o
 .text.get_ldnumber
                0x00000000000122c2       0x3a obj//home/akashv/Documents/CmpE127/SJSU-Dev/firmware/lib/L4_IO/fat/ff.o
 .text.sync_window.part.1
                0x00000000000122fc       0x46 obj//home/akashv/Documents/CmpE127/SJSU-Dev/firmware/lib/L4_IO/fat/ff.o
 .text.sync_window
                0x0000000000012342        0xc obj//home/akashv/Documents/CmpE127/SJSU-Dev/firmware/lib/L4_IO/fat/ff.o
 *fill*         0x000000000001234e        0x2 ff
 .text.sync_fs  0x0000000000012350       0x74 obj//home/akashv/Documents/CmpE127/SJSU-Dev/firmware/lib/L4_IO/fat/ff.o
 .text.move_window
                0x00000000000123c4       0x34 obj//home/akashv/Documents/CmpE127/SJSU-Dev/firmware/lib/L4_IO/fat/ff.o
 .text.check_fs
                0x00000000000123f8       0x4c obj//home/akashv/Documents/CmpE127/SJSU-Dev/firmware/lib/L4_IO/fat/ff.o
 .text.find_volume
                0x0000000000012444      0x21c obj//home/akashv/Documents/CmpE127/SJSU-Dev/firmware/lib/L4_IO/fat/ff.o
 .text.validate
                0x0000000000012660       0x3a obj//home/akashv/Documents/CmpE127/SJSU-Dev/firmware/lib/L4_IO/fat/ff.o
 .text.unlock_fs
                0x000000000001269a       0x1a obj//home/akashv/Documents/CmpE127/SJSU-Dev/firmware/lib/L4_IO/fat/ff.o
 .text.clust2sect
                0x00000000000126b4       0x16 obj//home/akashv/Documents/CmpE127/SJSU-Dev/firmware/lib/L4_IO/fat/ff.o
                0x00000000000126b4                clust2sect
 .text.get_fat  0x00000000000126ca       0xa6 obj//home/akashv/Documents/CmpE127/SJSU-Dev/firmware/lib/L4_IO/fat/ff.o
                0x00000000000126ca                get_fat
 .text.dir_sdi  0x0000000000012770       0x80 obj//home/akashv/Documents/CmpE127/SJSU-Dev/firmware/lib/L4_IO/fat/ff.o
 .text.put_fat  0x00000000000127f0       0xd2 obj//home/akashv/Documents/CmpE127/SJSU-Dev/firmware/lib/L4_IO/fat/ff.o
                0x00000000000127f0                put_fat
 .text.create_chain
                0x00000000000128c2       0xa0 obj//home/akashv/Documents/CmpE127/SJSU-Dev/firmware/lib/L4_IO/fat/ff.o
 .text.dir_next
                0x0000000000012962       0xec obj//home/akashv/Documents/CmpE127/SJSU-Dev/firmware/lib/L4_IO/fat/ff.o
 *fill*         0x0000000000012a4e        0x2 ff
 .text.dir_find.part.9
                0x0000000000012a50      0x120 obj//home/akashv/Documents/CmpE127/SJSU-Dev/firmware/lib/L4_IO/fat/ff.o
 .text.follow_path
                0x0000000000012b70      0x270 obj//home/akashv/Documents/CmpE127/SJSU-Dev/firmware/lib/L4_IO/fat/ff.o
 .text.dir_register
                0x0000000000012de0      0x238 obj//home/akashv/Documents/CmpE127/SJSU-Dev/firmware/lib/L4_IO/fat/ff.o
 .text.remove_chain
                0x0000000000013018       0x58 obj//home/akashv/Documents/CmpE127/SJSU-Dev/firmware/lib/L4_IO/fat/ff.o
 .text.f_mount  0x0000000000013070       0x7c obj//home/akashv/Documents/CmpE127/SJSU-Dev/firmware/lib/L4_IO/fat/ff.o
                0x0000000000013070                f_mount
 .text.f_open   0x00000000000130ec      0x12e obj//home/akashv/Documents/CmpE127/SJSU-Dev/firmware/lib/L4_IO/fat/ff.o
                0x00000000000130ec                f_open
 .text.f_read   0x000000000001321a      0x170 obj//home/akashv/Documents/CmpE127/SJSU-Dev/firmware/lib/L4_IO/fat/ff.o
                0x000000000001321a                f_read
 .text.f_write  0x000000000001338a      0x1ac obj//home/akashv/Documents/CmpE127/SJSU-Dev/firmware/lib/L4_IO/fat/ff.o
                0x000000000001338a                f_write
 .text.f_sync   0x0000000000013536       0x8a obj//home/akashv/Documents/CmpE127/SJSU-Dev/firmware/lib/L4_IO/fat/ff.o
                0x0000000000013536                f_sync
 .text.f_close  0x00000000000135c0       0x24 obj//home/akashv/Documents/CmpE127/SJSU-Dev/firmware/lib/L4_IO/fat/ff.o
                0x00000000000135c0                f_close
 .text.f_lseek  0x00000000000135e4      0x14e obj//home/akashv/Documents/CmpE127/SJSU-Dev/firmware/lib/L4_IO/fat/ff.o
                0x00000000000135e4                f_lseek
 .text.f_getfree
                0x0000000000013732       0xc8 obj//home/akashv/Documents/CmpE127/SJSU-Dev/firmware/lib/L4_IO/fat/ff.o
                0x0000000000013732                f_getfree
 *fill*         0x00000000000137fa        0x2 ff
 .text.f_mkfs   0x00000000000137fc      0x4f4 obj//home/akashv/Documents/CmpE127/SJSU-Dev/firmware/lib/L4_IO/fat/ff.o
                0x00000000000137fc                f_mkfs
 .text.sys_get_uptime_ms
                0x0000000000013cf0       0x12 obj//home/akashv/Documents/CmpE127/SJSU-Dev/firmware/lib/L4_IO/fat/disk/sd.o
 *fill*         0x0000000000013d02        0x2 ff
 .text.ssp1_set_max_clock
                0x0000000000013d04       0x30 obj//home/akashv/Documents/CmpE127/SJSU-Dev/firmware/lib/L4_IO/fat/disk/sd.o
 .text.ssp1_exchange_byte
                0x0000000000013d34       0x14 obj//home/akashv/Documents/CmpE127/SJSU-Dev/firmware/lib/L4_IO/fat/disk/sd.o
 .text.wait_ready
                0x0000000000013d48       0x2e obj//home/akashv/Documents/CmpE127/SJSU-Dev/firmware/lib/L4_IO/fat/disk/sd.o
                0x0000000000013d48                wait_ready
 *fill*         0x0000000000013d76        0x2 ff
 .text.power_off
                0x0000000000013d78       0x24 obj//home/akashv/Documents/CmpE127/SJSU-Dev/firmware/lib/L4_IO/fat/disk/sd.o
                0x0000000000013d78                power_off
 .text.rcvr_datablock
                0x0000000000013d9c       0x8c obj//home/akashv/Documents/CmpE127/SJSU-Dev/firmware/lib/L4_IO/fat/disk/sd.o
                0x0000000000013d9c                rcvr_datablock
 .text.xmit_datablock
                0x0000000000013e28       0x4c obj//home/akashv/Documents/CmpE127/SJSU-Dev/firmware/lib/L4_IO/fat/disk/sd.o
                0x0000000000013e28                xmit_datablock
 .text.send_cmd
                0x0000000000013e74       0x8c obj//home/akashv/Documents/CmpE127/SJSU-Dev/firmware/lib/L4_IO/fat/disk/sd.o
                0x0000000000013e74                send_cmd
 .text.sd_update_card_status
                0x0000000000013f00       0x24 obj//home/akashv/Documents/CmpE127/SJSU-Dev/firmware/lib/L4_IO/fat/disk/sd.o
                0x0000000000013f00                sd_update_card_status
 .text.sd_initialize
                0x0000000000013f24      0x16c obj//home/akashv/Documents/CmpE127/SJSU-Dev/firmware/lib/L4_IO/fat/disk/sd.o
                0x0000000000013f24                sd_initialize
 .text.sd_status
                0x0000000000014090       0x10 obj//home/akashv/Documents/CmpE127/SJSU-Dev/firmware/lib/L4_IO/fat/disk/sd.o
                0x0000000000014090                sd_status
 .text.sd_read  0x00000000000140a0       0x98 obj//home/akashv/Documents/CmpE127/SJSU-Dev/firmware/lib/L4_IO/fat/disk/sd.o
                0x00000000000140a0                sd_read
 .text.sd_write
                0x0000000000014138       0xb4 obj//home/akashv/Documents/CmpE127/SJSU-Dev/firmware/lib/L4_IO/fat/disk/sd.o
                0x0000000000014138                sd_write
 .text.sd_ioctl
                0x00000000000141ec      0x21c obj//home/akashv/Documents/CmpE127/SJSU-Dev/firmware/lib/L4_IO/fat/disk/sd.o
                0x00000000000141ec                sd_ioctl
 .text._ZL24flash_get_mem_size_bytesv
                0x0000000000014408       0x20 obj//home/akashv/Documents/CmpE127/SJSU-Dev/firmware/lib/L4_IO/fat/disk/spi_flash.o
 .text._ZL37flash_perform_page_io_of_fatfs_sectorPFvPhmmES_m
                0x0000000000014428       0x74 obj//home/akashv/Documents/CmpE127/SJSU-Dev/firmware/lib/L4_IO/fat/disk/spi_flash.o
 .text.ssp1_exchange_data
                0x000000000001449c       0xac obj//home/akashv/Documents/CmpE127/SJSU-Dev/firmware/lib/L4_IO/fat/disk/spi_flash.o
 .text._ZL18flash_send_op_addr14flash_opcode_tm
                0x0000000000014548       0x26 obj//home/akashv/Documents/CmpE127/SJSU-Dev/firmware/lib/L4_IO/fat/disk/spi_flash.o
 *fill*         0x000000000001456e        0x2 ff
 .text._ZL15flash_read_pagePhmm
                0x0000000000014570       0x44 obj//home/akashv/Documents/CmpE127/SJSU-Dev/firmware/lib/L4_IO/fat/disk/spi_flash.o
 .text._ZL20flash_wait_for_readyv
                0x00000000000145b4       0x40 obj//home/akashv/Documents/CmpE127/SJSU-Dev/firmware/lib/L4_IO/fat/disk/spi_flash.o
 .text.flash_initialize
                0x00000000000145f4       0x98 obj//home/akashv/Documents/CmpE127/SJSU-Dev/firmware/lib/L4_IO/fat/disk/spi_flash.o
                0x00000000000145f4                flash_initialize
 .text.flash_read_sectors
                0x000000000001468c       0x50 obj//home/akashv/Documents/CmpE127/SJSU-Dev/firmware/lib/L4_IO/fat/disk/spi_flash.o
                0x000000000001468c                flash_read_sectors
 .text.flash_write_sectors
                0x00000000000146dc       0x4c obj//home/akashv/Documents/CmpE127/SJSU-Dev/firmware/lib/L4_IO/fat/disk/spi_flash.o
                0x00000000000146dc                flash_write_sectors
 .text.flash_ioctl
                0x0000000000014728       0x36 obj//home/akashv/Documents/CmpE127/SJSU-Dev/firmware/lib/L4_IO/fat/disk/spi_flash.o
                0x0000000000014728                flash_ioctl
 *fill*         0x000000000001475e        0x2 ff
 .text.flash_write_permanent_id
                0x0000000000014760       0x44 obj//home/akashv/Documents/CmpE127/SJSU-Dev/firmware/lib/L4_IO/fat/disk/spi_flash.o
                0x0000000000014760                flash_write_permanent_id
 .text.flash_read_permanent_id
                0x00000000000147a4       0x28 obj//home/akashv/Documents/CmpE127/SJSU-Dev/firmware/lib/L4_IO/fat/disk/spi_flash.o
                0x00000000000147a4                flash_read_permanent_id
 .text.flash_get_page_count
                0x00000000000147cc       0x20 obj//home/akashv/Documents/CmpE127/SJSU-Dev/firmware/lib/L4_IO/fat/disk/spi_flash.o
                0x00000000000147cc                flash_get_page_count
 .text.flash_get_page_size
                0x00000000000147ec        0xc obj//home/akashv/Documents/CmpE127/SJSU-Dev/firmware/lib/L4_IO/fat/disk/spi_flash.o
                0x00000000000147ec                flash_get_page_size
 .text.flash_supports_metadata
                0x00000000000147f8       0x10 obj//home/akashv/Documents/CmpE127/SJSU-Dev/firmware/lib/L4_IO/fat/disk/spi_flash.o
                0x00000000000147f8                flash_supports_metadata
 .text._ZL16flash_write_pagePhmm
                0x0000000000014808       0x8c obj//home/akashv/Documents/CmpE127/SJSU-Dev/firmware/lib/L4_IO/fat/disk/spi_flash.o
 .text.flash_chip_erase
                0x0000000000014894       0x2c obj//home/akashv/Documents/CmpE127/SJSU-Dev/firmware/lib/L4_IO/fat/disk/spi_flash.o
                0x0000000000014894                flash_chip_erase
 .text.disk_initialize
                0x00000000000148c0       0x26 obj//home/akashv/Documents/CmpE127/SJSU-Dev/firmware/lib/L4_IO/fat/disk/diskio.o
                0x00000000000148c0                disk_initialize
 .text.disk_status
                0x00000000000148e6       0x10 obj//home/akashv/Documents/CmpE127/SJSU-Dev/firmware/lib/L4_IO/fat/disk/diskio.o
                0x00000000000148e6                disk_status
 .text.disk_read
                0x00000000000148f6       0x38 obj//home/akashv/Documents/CmpE127/SJSU-Dev/firmware/lib/L4_IO/fat/disk/diskio.o
                0x00000000000148f6                disk_read
 .text.disk_write
                0x000000000001492e       0x38 obj//home/akashv/Documents/CmpE127/SJSU-Dev/firmware/lib/L4_IO/fat/disk/diskio.o
                0x000000000001492e                disk_write
 .text.disk_ioctl
                0x0000000000014966       0x32 obj//home/akashv/Documents/CmpE127/SJSU-Dev/firmware/lib/L4_IO/fat/disk/diskio.o
                0x0000000000014966                disk_ioctl
 .text.ff_cre_syncobj
                0x0000000000014998       0x14 obj//home/akashv/Documents/CmpE127/SJSU-Dev/firmware/lib/L4_IO/fat/option/reentrant.o
                0x0000000000014998                ff_cre_syncobj
 .text.ff_del_syncobj
                0x00000000000149ac        0x4 obj//home/akashv/Documents/CmpE127/SJSU-Dev/firmware/lib/L4_IO/fat/option/reentrant.o
                0x00000000000149ac                ff_del_syncobj
 .text.ff_req_grant
                0x00000000000149b0       0x26 obj//home/akashv/Documents/CmpE127/SJSU-Dev/firmware/lib/L4_IO/fat/option/reentrant.o
                0x00000000000149b0                ff_req_grant
 .text.ff_rel_grant
                0x00000000000149d6       0x1e obj//home/akashv/Documents/CmpE127/SJSU-Dev/firmware/lib/L4_IO/fat/option/reentrant.o
                0x00000000000149d6                ff_rel_grant
 .text.ff_convert
                0x00000000000149f4       0x3c obj//home/akashv/Documents/CmpE127/SJSU-Dev/firmware/lib/L4_IO/fat/option/ccsbcs.o
                0x00000000000149f4                ff_convert
 .text.ff_wtoupper
                0x0000000000014a30       0x24 obj//home/akashv/Documents/CmpE127/SJSU-Dev/firmware/lib/L4_IO/fat/option/ccsbcs.o
                0x0000000000014a30                ff_wtoupper
 .text._ZN11i2c2_device8writeRegEhh
                0x0000000000014a54        0xc obj//home/akashv/Documents/CmpE127/SJSU-Dev/firmware/lib/L4_IO/src/io_source.o
                0x0000000000014a54                i2c2_device::writeReg(unsigned char, unsigned char)
 .text._ZN11i2c2_device16get16BitRegisterEh
                0x0000000000014a60       0x2a obj//home/akashv/Documents/CmpE127/SJSU-Dev/firmware/lib/L4_IO/src/io_source.o
                0x0000000000014a60                i2c2_device::get16BitRegister(unsigned char)
 .text._ZN19Acceleration_Sensor4initEv
                0x0000000000014a8a       0x20 obj//home/akashv/Documents/CmpE127/SJSU-Dev/firmware/lib/L4_IO/src/io_source.o
                0x0000000000014a8a                Acceleration_Sensor::init()
 *fill*         0x0000000000014aaa        0x2 ff
 .text._ZN9IR_Sensor11storeIrCodeEm
                0x0000000000014aac       0x1c obj//home/akashv/Documents/CmpE127/SJSU-Dev/firmware/lib/L4_IO/src/io_source.o
                0x0000000000014aac                IR_Sensor::storeIrCode(unsigned long)
 .text._ZN9IR_Sensor12decodeIrCodeEv
                0x0000000000014ac8       0x64 obj//home/akashv/Documents/CmpE127/SJSU-Dev/firmware/lib/L4_IO/src/io_source.o
                0x0000000000014ac8                IR_Sensor::decodeIrCode()
 .text._ZN9IR_Sensor4initEv
                0x0000000000014b2c       0x34 obj//home/akashv/Documents/CmpE127/SJSU-Dev/firmware/lib/L4_IO/src/io_source.o
                0x0000000000014b2c                IR_Sensor::init()
 .text._ZN11LED_Display12setLeftDigitEc
                0x0000000000014b60       0x18 obj//home/akashv/Documents/CmpE127/SJSU-Dev/firmware/lib/L4_IO/src/io_source.o
                0x0000000000014b60                LED_Display::setLeftDigit(char)
 .text._ZN11LED_Display13setRightDigitEc
                0x0000000000014b78       0x18 obj//home/akashv/Documents/CmpE127/SJSU-Dev/firmware/lib/L4_IO/src/io_source.o
                0x0000000000014b78                LED_Display::setRightDigit(char)
 .text._ZN11LED_Display4initEv
                0x0000000000014b90       0x38 obj//home/akashv/Documents/CmpE127/SJSU-Dev/firmware/lib/L4_IO/src/io_source.o
                0x0000000000014b90                LED_Display::init()
 .text._ZN11LED_Display9setNumberEc
                0x0000000000014bc8       0x3a obj//home/akashv/Documents/CmpE127/SJSU-Dev/firmware/lib/L4_IO/src/io_source.o
                0x0000000000014bc8                LED_Display::setNumber(char)
 .text._ZN3LED4initEv
                0x0000000000014c02        0x4 obj//home/akashv/Documents/CmpE127/SJSU-Dev/firmware/lib/L4_IO/src/io_source.o
                0x0000000000014c02                LED::init()
 *fill*         0x0000000000014c06        0x2 ff
 .text._ZN3LED6setAllEh
                0x0000000000014c08       0x50 obj//home/akashv/Documents/CmpE127/SJSU-Dev/firmware/lib/L4_IO/src/io_source.o
                0x0000000000014c08                LED::setAll(unsigned char)
 .text._ZN3LED2onEh
                0x0000000000014c58       0x26 obj//home/akashv/Documents/CmpE127/SJSU-Dev/firmware/lib/L4_IO/src/io_source.o
                0x0000000000014c58                LED::on(unsigned char)
 .text._ZN3LED3offEh
                0x0000000000014c7e       0x28 obj//home/akashv/Documents/CmpE127/SJSU-Dev/firmware/lib/L4_IO/src/io_source.o
                0x0000000000014c7e                LED::off(unsigned char)
 .text._ZN3LED3setEhb
                0x0000000000014ca6        0xa obj//home/akashv/Documents/CmpE127/SJSU-Dev/firmware/lib/L4_IO/src/io_source.o
                0x0000000000014ca6                LED::set(unsigned char, bool)
 .text._ZN12Light_Sensor4initEv
                0x0000000000014cb0        0x4 obj//home/akashv/Documents/CmpE127/SJSU-Dev/firmware/lib/L4_IO/src/io_source.o
                0x0000000000014cb0                Light_Sensor::init()
 .text._ZN12Light_Sensor11getRawValueEv
                0x0000000000014cb4        0x6 obj//home/akashv/Documents/CmpE127/SJSU-Dev/firmware/lib/L4_IO/src/io_source.o
                0x0000000000014cb4                Light_Sensor::getRawValue()
 .text._ZN8Switches4initEv
                0x0000000000014cba        0x4 obj//home/akashv/Documents/CmpE127/SJSU-Dev/firmware/lib/L4_IO/src/io_source.o
                0x0000000000014cba                Switches::init()
 *fill*         0x0000000000014cbe        0x2 ff
 .text._ZN8Switches15getSwitchValuesEv
                0x0000000000014cc0       0x18 obj//home/akashv/Documents/CmpE127/SJSU-Dev/firmware/lib/L4_IO/src/io_source.o
                0x0000000000014cc0                Switches::getSwitchValues()
 .text._ZN8I2C_Temp4initEv
                0x0000000000014cd8       0x22 obj//home/akashv/Documents/CmpE127/SJSU-Dev/firmware/lib/L4_IO/src/io_source.o
                0x0000000000014cd8                I2C_Temp::init()
 .text._ZN8I2C_Temp10getCelsiusEv
                0x0000000000014cfa       0x30 obj//home/akashv/Documents/CmpE127/SJSU-Dev/firmware/lib/L4_IO/src/io_source.o
                0x0000000000014cfa                I2C_Temp::getCelsius()
 *fill*         0x0000000000014d2a        0x2 ff
 .text._ZN8I2C_Temp12getFarenheitEv
                0x0000000000014d2c       0x24 obj//home/akashv/Documents/CmpE127/SJSU-Dev/firmware/lib/L4_IO/src/io_source.o
                0x0000000000014d2c                I2C_Temp::getFarenheit()
 .text._ZN7Storage4readEPKcPvjj
                0x0000000000014d50       0x44 obj//home/akashv/Documents/CmpE127/SJSU-Dev/firmware/lib/L4_IO/src/storage.o
                0x0000000000014d50                Storage::read(char const*, void*, unsigned int, unsigned int)
 .text.remap_fatfs_errors
                0x0000000000014d94       0x56 obj//home/akashv/Documents/CmpE127/SJSU-Dev/firmware/lib/newlib/newlib_syscalls.o
 *fill*         0x0000000000014dea        0x2 ff
 .text.findslot
                0x0000000000014dec       0x4c obj//home/akashv/Documents/CmpE127/SJSU-Dev/firmware/lib/newlib/newlib_syscalls.o
 .text.remap_handle
                0x0000000000014e38       0x28 obj//home/akashv/Documents/CmpE127/SJSU-Dev/firmware/lib/newlib/newlib_syscalls.o
 .text.sys_set_outchar_func
                0x0000000000014e60        0xc obj//home/akashv/Documents/CmpE127/SJSU-Dev/firmware/lib/newlib/newlib_syscalls.o
                0x0000000000014e60                sys_set_outchar_func
 .text.sys_set_inchar_func
                0x0000000000014e6c        0xc obj//home/akashv/Documents/CmpE127/SJSU-Dev/firmware/lib/newlib/newlib_syscalls.o
                0x0000000000014e6c                sys_set_inchar_func
 .text._kill    0x0000000000014e78       0x10 obj//home/akashv/Documents/CmpE127/SJSU-Dev/firmware/lib/newlib/newlib_syscalls.o
                0x0000000000014e78                _kill
 .text._exit    0x0000000000014e88       0x10 obj//home/akashv/Documents/CmpE127/SJSU-Dev/firmware/lib/newlib/newlib_syscalls.o
                0x0000000000014e88                _exit
 .text._getpid  0x0000000000014e98        0x4 obj//home/akashv/Documents/CmpE127/SJSU-Dev/firmware/lib/newlib/newlib_syscalls.o
                0x0000000000014e98                _getpid
 .text._init    0x0000000000014e9c        0x4 obj//home/akashv/Documents/CmpE127/SJSU-Dev/firmware/lib/newlib/newlib_syscalls.o
                0x0000000000014e9c                _init
 .text.syscalls_init
                0x0000000000014ea0       0x34 obj//home/akashv/Documents/CmpE127/SJSU-Dev/firmware/lib/newlib/newlib_syscalls.o
                0x0000000000014ea0                syscalls_init
 .text._read    0x0000000000014ed4       0x9c obj//home/akashv/Documents/CmpE127/SJSU-Dev/firmware/lib/newlib/newlib_syscalls.o
                0x0000000000014ed4                _read
 .text._lseek   0x0000000000014f70       0x60 obj//home/akashv/Documents/CmpE127/SJSU-Dev/firmware/lib/newlib/newlib_syscalls.o
                0x0000000000014f70                _lseek
 .text._write   0x0000000000014fd0       0xa4 obj//home/akashv/Documents/CmpE127/SJSU-Dev/firmware/lib/newlib/newlib_syscalls.o
                0x0000000000014fd0                _write
 .text._close   0x0000000000015074       0x54 obj//home/akashv/Documents/CmpE127/SJSU-Dev/firmware/lib/newlib/newlib_syscalls.o
                0x0000000000015074                _close
 .text._fstat   0x00000000000150c8       0x10 obj//home/akashv/Documents/CmpE127/SJSU-Dev/firmware/lib/newlib/newlib_syscalls.o
                0x00000000000150c8                _fstat
 .text._isatty  0x00000000000150d8       0x24 obj//home/akashv/Documents/CmpE127/SJSU-Dev/firmware/lib/newlib/newlib_syscalls.o
                0x00000000000150d8                _isatty
 .text._gettimeofday
                0x00000000000150fc       0x7a obj//home/akashv/Documents/CmpE127/SJSU-Dev/firmware/lib/newlib/newlib_time.o
                0x00000000000150fc                _gettimeofday
 .text.__malloc_lock
                0x0000000000015176        0x4 obj//home/akashv/Documents/CmpE127/SJSU-Dev/firmware/lib/newlib/malloc_lock.o
                0x0000000000015176                __malloc_lock
 .text.__malloc_unlock
                0x000000000001517a        0x4 obj//home/akashv/Documents/CmpE127/SJSU-Dev/firmware/lib/newlib/malloc_lock.o
                0x000000000001517a                __malloc_unlock
 *fill*         0x000000000001517e        0x2 ff
 .text._sbrk    0x0000000000015180       0x6c obj//home/akashv/Documents/CmpE127/SJSU-Dev/firmware/lib/newlib/memory.o
                0x0000000000015180                _sbrk
 .text._Znwj    0x00000000000151ec        0x4 obj//home/akashv/Documents/CmpE127/SJSU-Dev/firmware/lib/newlib/memory.o
                0x00000000000151ec                operator new(unsigned int)
 .text._ZdlPv   0x00000000000151f0        0x4 obj//home/akashv/Documents/CmpE127/SJSU-Dev/firmware/lib/newlib/memory.o
                0x00000000000151f0                operator delete(void*)
 .text.sys_get_mem_info
                0x00000000000151f4       0xb4 obj//home/akashv/Documents/CmpE127/SJSU-Dev/firmware/lib/newlib/memory.o
                0x00000000000151f4                sys_get_mem_info
 .text._ZN17SingletonTemplateI4I2C2E11getInstanceEv
                0x00000000000152a8       0x20 obj//home/akashv/Documents/CmpE127/SJSU-Dev/firmware/lib/L5_HighLevel/examples/examples.o
                0x00000000000152a8                SingletonTemplate<I2C2>::getInstance()
 .text._ZN17SingletonTemplateI17TemperatureSensorE11getInstanceEv
                0x00000000000152c8       0x28 obj//home/akashv/Documents/CmpE127/SJSU-Dev/firmware/lib/L5_HighLevel/examples/examples.o
                0x00000000000152c8                SingletonTemplate<TemperatureSensor>::getInstance()
 .text._ZN17SingletonTemplateI11LED_DisplayE11getInstanceEv
                0x00000000000152f0       0x24 obj//home/akashv/Documents/CmpE127/SJSU-Dev/firmware/lib/L5_HighLevel/examples/examples.o
                0x00000000000152f0                SingletonTemplate<LED_Display>::getInstance()
 .text._ZN17SingletonTemplateI12Light_SensorE11getInstanceEv
                0x0000000000015314       0x18 obj//home/akashv/Documents/CmpE127/SJSU-Dev/firmware/lib/L5_HighLevel/examples/examples.o
                0x0000000000015314                SingletonTemplate<Light_Sensor>::getInstance()
 .text._ZN17SingletonTemplateI3LEDE11getInstanceEv
                0x000000000001532c       0x1c obj//home/akashv/Documents/CmpE127/SJSU-Dev/firmware/lib/L5_HighLevel/examples/examples.o
                0x000000000001532c                SingletonTemplate<LED>::getInstance()
 .text._ZN17SingletonTemplateI9IR_SensorE11getInstanceEv
                0x0000000000015348       0x18 obj//home/akashv/Documents/CmpE127/SJSU-Dev/firmware/lib/L5_HighLevel/source/remote.o
                0x0000000000015348                SingletonTemplate<IR_Sensor>::getInstance()
 .text._ZL13hl_print_linev
                0x0000000000015360        0xc obj//home/akashv/Documents/CmpE127/SJSU-Dev/firmware/lib/L5_HighLevel/source/high_level_init.o
 .text.ssp_set_max_clock
                0x000000000001536c       0x2c obj//home/akashv/Documents/CmpE127/SJSU-Dev/firmware/lib/L5_HighLevel/source/high_level_init.o
 .text._ZL16hl_mount_storageR16FileSystemObjectPKc
                0x0000000000015398       0x90 obj//home/akashv/Documents/CmpE127/SJSU-Dev/firmware/lib/L5_HighLevel/source/high_level_init.o
 .text._ZN7Storage13getFlashDriveEv
                0x0000000000015428       0x4c obj//home/akashv/Documents/CmpE127/SJSU-Dev/firmware/lib/L5_HighLevel/source/high_level_init.o
                0x0000000000015428                Storage::getFlashDrive()
 .text._ZN17SingletonTemplateI8SwitchesE11getInstanceEv
                0x0000000000015474       0x18 obj//home/akashv/Documents/CmpE127/SJSU-Dev/firmware/lib/L5_HighLevel/source/high_level_init.o
                0x0000000000015474                SingletonTemplate<Switches>::getInstance()
 .text._Z15high_level_initv
                0x000000000001548c      0x560 obj//home/akashv/Documents/CmpE127/SJSU-Dev/firmware/lib/L5_HighLevel/source/high_level_init.o
                0x000000000001548c                high_level_init()
 .text.sys_get_boot_type
                0x00000000000159ec        0xc obj//home/akashv/Documents/CmpE127/SJSU-Dev/firmware/lib/L0_LowLevel/source/low_level_init.o
                0x00000000000159ec                sys_get_boot_type
 .text._Z14low_level_initv
                0x00000000000159f8      0x228 obj//home/akashv/Documents/CmpE127/SJSU-Dev/firmware/lib/L0_LowLevel/source/low_level_init.o
                0x00000000000159f8                low_level_init()
 .text.uart0_init
                0x0000000000015c20       0x60 obj//home/akashv/Documents/CmpE127/SJSU-Dev/firmware/lib/L0_LowLevel/source/uart0_min.o
                0x0000000000015c20                uart0_init
 .text.uart0_getchar
                0x0000000000015c80       0x18 obj//home/akashv/Documents/CmpE127/SJSU-Dev/firmware/lib/L0_LowLevel/source/uart0_min.o
                0x0000000000015c80                uart0_getchar
 .text.uart0_putchar
                0x0000000000015c98       0x18 obj//home/akashv/Documents/CmpE127/SJSU-Dev/firmware/lib/L0_LowLevel/source/uart0_min.o
                0x0000000000015c98                uart0_putchar
 .text.uart0_puts
                0x0000000000015cb0       0x1a obj//home/akashv/Documents/CmpE127/SJSU-Dev/firmware/lib/L0_LowLevel/source/uart0_min.o
                0x0000000000015cb0                uart0_puts
 *fill*         0x0000000000015cca        0x2 ff
 .text.lpc_pconp
                0x0000000000015ccc       0x34 obj//home/akashv/Documents/CmpE127/SJSU-Dev/firmware/lib/L0_LowLevel/source/lpc_peripherals.o
                0x0000000000015ccc                lpc_pconp
 .text.lpc_pclk
                0x0000000000015d00       0x48 obj//home/akashv/Documents/CmpE127/SJSU-Dev/firmware/lib/L0_LowLevel/source/lpc_peripherals.o
                0x0000000000015d00                lpc_pclk
 .text.__set_PSP
                0x0000000000015d48        0x6 obj//home/akashv/Documents/CmpE127/SJSU-Dev/firmware/lib/L0_LowLevel/source/core_cm3.o
                0x0000000000015d48                __set_PSP
 .text.__set_MSP
                0x0000000000015d4e        0x6 obj//home/akashv/Documents/CmpE127/SJSU-Dev/firmware/lib/L0_LowLevel/source/core_cm3.o
                0x0000000000015d4e                __set_MSP
 .text.__set_BASEPRI
                0x0000000000015d54        0x6 obj//home/akashv/Documents/CmpE127/SJSU-Dev/firmware/lib/L0_LowLevel/source/core_cm3.o
                0x0000000000015d54                __set_BASEPRI
 *fill*         0x0000000000015d5a        0x2 ff
 .text.lpc_sys_setup_system_timer
                0x0000000000015d5c       0x54 obj//home/akashv/Documents/CmpE127/SJSU-Dev/firmware/lib/L0_LowLevel/source/lpc_sys.o
                0x0000000000015d5c                lpc_sys_setup_system_timer
 .text.sys_get_uptime_us
                0x0000000000015db0       0x2c obj//home/akashv/Documents/CmpE127/SJSU-Dev/firmware/lib/L0_LowLevel/source/lpc_sys.o
                0x0000000000015db0                sys_get_uptime_us
 .text.sys_get_mem_info_str
                0x0000000000015ddc       0x38 obj//home/akashv/Documents/CmpE127/SJSU-Dev/firmware/lib/L0_LowLevel/source/lpc_sys.o
                0x0000000000015ddc                sys_get_mem_info_str
 .text.TIMER1_IRQHandler
                0x0000000000015e14       0xbc obj//home/akashv/Documents/CmpE127/SJSU-Dev/firmware/lib/L0_LowLevel/source/lpc_sys.o
                0x0000000000015e14                TIMER1_IRQHandler
 .text.isr_forwarder_routine
                0x0000000000015ed0       0x3c obj//home/akashv/Documents/CmpE127/SJSU-Dev/firmware/lib/L0_LowLevel/source/startup.o
 .text.isr_hard_fault_handler
                0x0000000000015f0c       0x58 obj//home/akashv/Documents/CmpE127/SJSU-Dev/firmware/lib/L0_LowLevel/source/startup.o
                0x0000000000015f0c                isr_hard_fault_handler
 .text._ZL19sys_clock_pll0_feedv
                0x0000000000015f64       0x14 obj//home/akashv/Documents/CmpE127/SJSU-Dev/firmware/lib/L0_LowLevel/source/sys_clock.o
 .text._ZL23sys_clock_configure_plljjPiS_S_.constprop.0
                0x0000000000015f78       0x78 obj//home/akashv/Documents/CmpE127/SJSU-Dev/firmware/lib/L0_LowLevel/source/sys_clock.o
 .text._Z19sys_clock_configurev
                0x0000000000015ff0       0xb4 obj//home/akashv/Documents/CmpE127/SJSU-Dev/firmware/lib/L0_LowLevel/source/sys_clock.o
                0x0000000000015ff0                sys_clock_configure()
 .text.sys_get_cpu_clock
                0x00000000000160a4       0xa8 obj//home/akashv/Documents/CmpE127/SJSU-Dev/firmware/lib/L0_LowLevel/source/sys_clock.o
                0x00000000000160a4                sys_get_cpu_clock
 .text._ZN7UartDev7putCharEcj
                0x000000000001614c       0x5c obj//home/akashv/Documents/CmpE127/SJSU-Dev/firmware/lib/L2_Drivers/base/uart_dev.o
                0x000000000001614c                UartDev::putChar(char, unsigned int)
 .text._ZN7UartDevD2Ev
                0x00000000000161a8       0x14 obj//home/akashv/Documents/CmpE127/SJSU-Dev/firmware/lib/L2_Drivers/base/uart_dev.o
                0x00000000000161a8                UartDev::~UartDev()
                0x00000000000161a8                UartDev::~UartDev()
 .text._ZN7UartDevD0Ev
                0x00000000000161bc       0x14 obj//home/akashv/Documents/CmpE127/SJSU-Dev/firmware/lib/L2_Drivers/base/uart_dev.o
                0x00000000000161bc                UartDev::~UartDev()
 .text._ZN7UartDev5flushEv
                0x00000000000161d0       0x20 obj//home/akashv/Documents/CmpE127/SJSU-Dev/firmware/lib/L2_Drivers/base/uart_dev.o
                0x00000000000161d0                UartDev::flush()
 .text._ZN7UartDev7getCharEPcj
                0x00000000000161f0       0x6c obj//home/akashv/Documents/CmpE127/SJSU-Dev/firmware/lib/L2_Drivers/base/uart_dev.o
                0x00000000000161f0                UartDev::getChar(char*, unsigned int)
 .text._ZN7UartDev15handleInterruptEv
                0x000000000001625c       0xc0 obj//home/akashv/Documents/CmpE127/SJSU-Dev/firmware/lib/L2_Drivers/base/uart_dev.o
                0x000000000001625c                UartDev::handleInterrupt()
 .text._ZN7UartDevC2EPj
                0x000000000001631c       0x28 obj//home/akashv/Documents/CmpE127/SJSU-Dev/firmware/lib/L2_Drivers/base/uart_dev.o
                0x000000000001631c                UartDev::UartDev(unsigned int*)
                0x000000000001631c                UartDev::UartDev(unsigned int*)
 .text._ZN8I2C_Base8transferEhPhmS0_m
                0x0000000000016344      0x108 obj//home/akashv/Documents/CmpE127/SJSU-Dev/firmware/lib/L2_Drivers/base/i2c_base.o
                0x0000000000016344                I2C_Base::transfer(unsigned char, unsigned char*, unsigned long, unsigned char*, unsigned long)
 .text._ZN8I2C_Base21writeRegisterThenReadEhPhmS0_m
                0x000000000001644c        0xc obj//home/akashv/Documents/CmpE127/SJSU-Dev/firmware/lib/L2_Drivers/base/i2c_base.o
                0x000000000001644c                I2C_Base::writeRegisterThenRead(unsigned char, unsigned char*, unsigned long, unsigned char*, unsigned long)
 .text._ZN8I2C_Base7readRegEhh
                0x0000000000016458       0x28 obj//home/akashv/Documents/CmpE127/SJSU-Dev/firmware/lib/L2_Drivers/base/i2c_base.o
                0x0000000000016458                I2C_Base::readReg(unsigned char, unsigned char)
 .text._ZN8I2C_Base13readRegistersEhhPhm
                0x0000000000016480       0x1a obj//home/akashv/Documents/CmpE127/SJSU-Dev/firmware/lib/L2_Drivers/base/i2c_base.o
                0x0000000000016480                I2C_Base::readRegisters(unsigned char, unsigned char, unsigned char*, unsigned long)
 .text._ZN8I2C_Base14writeRegistersEhPhm
                0x000000000001649a       0x14 obj//home/akashv/Documents/CmpE127/SJSU-Dev/firmware/lib/L2_Drivers/base/i2c_base.o
                0x000000000001649a                I2C_Base::writeRegisters(unsigned char, unsigned char*, unsigned long)
 .text._ZN8I2C_Base8writeRegEhhh
                0x00000000000164ae       0x18 obj//home/akashv/Documents/CmpE127/SJSU-Dev/firmware/lib/L2_Drivers/base/i2c_base.o
                0x00000000000164ae                I2C_Base::writeReg(unsigned char, unsigned char, unsigned char)
 .text._ZN8I2C_Base13readRegistersEhPhm
                0x00000000000164c6       0x18 obj//home/akashv/Documents/CmpE127/SJSU-Dev/firmware/lib/L2_Drivers/base/i2c_base.o
                0x00000000000164c6                I2C_Base::readRegisters(unsigned char, unsigned char*, unsigned long)
 .text._ZN8I2C_Base19checkDeviceResponseEh
                0x00000000000164de       0x14 obj//home/akashv/Documents/CmpE127/SJSU-Dev/firmware/lib/L2_Drivers/base/i2c_base.o
                0x00000000000164de                I2C_Base::checkDeviceResponse(unsigned char)
 *fill*         0x00000000000164f2        0x2 ff
 .text._ZN8I2C_BaseC2EP15LPC_I2C_TypeDef
                0x00000000000164f4       0x5c obj//home/akashv/Documents/CmpE127/SJSU-Dev/firmware/lib/L2_Drivers/base/i2c_base.o
                0x00000000000164f4                I2C_Base::I2C_Base(LPC_I2C_TypeDef*)
                0x00000000000164f4                I2C_Base::I2C_Base(LPC_I2C_TypeDef*)
 .text._ZN8I2C_Base4initEmm
                0x0000000000016550       0x94 obj//home/akashv/Documents/CmpE127/SJSU-Dev/firmware/lib/L2_Drivers/base/i2c_base.o
                0x0000000000016550                I2C_Base::init(unsigned long, unsigned long)
 .text._ZN8I2C_Base7setStopEv
                0x00000000000165e4       0x28 obj//home/akashv/Documents/CmpE127/SJSU-Dev/firmware/lib/L2_Drivers/base/i2c_base.o
                0x00000000000165e4                I2C_Base::setStop()
 .text._ZN8I2C_Base15i2cStateMachineEv
                0x000000000001660c      0x10a obj//home/akashv/Documents/CmpE127/SJSU-Dev/firmware/lib/L2_Drivers/base/i2c_base.o
                0x000000000001660c                I2C_Base::i2cStateMachine()
 *fill*         0x0000000000016716        0x2 ff
 .text._ZN8I2C_Base15handleInterruptEv
                0x0000000000016718       0x38 obj//home/akashv/Documents/CmpE127/SJSU-Dev/firmware/lib/L2_Drivers/base/i2c_base.o
                0x0000000000016718                I2C_Base::handleInterrupt()
 .text._ZN7CharDev5flushEv
                0x0000000000016750        0x4 obj//home/akashv/Documents/CmpE127/SJSU-Dev/firmware/lib/L2_Drivers/base/char_dev.o
                0x0000000000016750                CharDev::flush()
 .text._ZN7CharDevC2Ev
                0x0000000000016754       0x20 obj//home/akashv/Documents/CmpE127/SJSU-Dev/firmware/lib/L2_Drivers/base/char_dev.o
                0x0000000000016754                CharDev::CharDev()
                0x0000000000016754                CharDev::CharDev()
 .text._ZN7CharDevD2Ev
                0x0000000000016774       0x18 obj//home/akashv/Documents/CmpE127/SJSU-Dev/firmware/lib/L2_Drivers/base/char_dev.o
                0x0000000000016774                CharDev::~CharDev()
                0x0000000000016774                CharDev::~CharDev()
 .text.RIT_IRQHandler
                0x000000000001678c       0x1c obj//home/akashv/Documents/CmpE127/SJSU-Dev/firmware/lib/L2_Drivers/src/lpc_rit.o
                0x000000000001678c                RIT_IRQHandler
 .text.lpc_timer_get_struct
                0x00000000000167a8       0x20 obj//home/akashv/Documents/CmpE127/SJSU-Dev/firmware/lib/L2_Drivers/src/lpc_timers.o
 .text.lpc_timer_enable
                0x00000000000167c8       0x6c obj//home/akashv/Documents/CmpE127/SJSU-Dev/firmware/lib/L2_Drivers/src/lpc_timers.o
                0x00000000000167c8                lpc_timer_enable
 .text.rtc_gettime
                0x0000000000016834       0x48 obj//home/akashv/Documents/CmpE127/SJSU-Dev/firmware/lib/L2_Drivers/src/rtc.o
                0x0000000000016834                rtc_gettime
 .text.rtc_settime
                0x000000000001687c       0x68 obj//home/akashv/Documents/CmpE127/SJSU-Dev/firmware/lib/L2_Drivers/src/rtc.o
                0x000000000001687c                rtc_settime
 .text.rtc_init
                0x00000000000168e4       0xd0 obj//home/akashv/Documents/CmpE127/SJSU-Dev/firmware/lib/L2_Drivers/src/rtc.o
                0x00000000000168e4                rtc_init
 .text.adc0_start_conversion
                0x00000000000169b4       0x24 obj//home/akashv/Documents/CmpE127/SJSU-Dev/firmware/lib/L2_Drivers/src/adc.o
 .text.ADC_IRQHandler
                0x00000000000169d8       0x48 obj//home/akashv/Documents/CmpE127/SJSU-Dev/firmware/lib/L2_Drivers/src/adc.o
                0x00000000000169d8                ADC_IRQHandler
 .text.adc0_init
                0x0000000000016a20       0x74 obj//home/akashv/Documents/CmpE127/SJSU-Dev/firmware/lib/L2_Drivers/src/adc.o
                0x0000000000016a20                adc0_init
 .text.adc0_get_reading
                0x0000000000016a94       0x74 obj//home/akashv/Documents/CmpE127/SJSU-Dev/firmware/lib/L2_Drivers/src/adc.o
                0x0000000000016a94                adc0_get_reading
 .text._ZN5Uart0D2Ev
                0x0000000000016b08       0x14 obj//home/akashv/Documents/CmpE127/SJSU-Dev/firmware/lib/L2_Drivers/src/uart0.o
                0x0000000000016b08                Uart0::~Uart0()
                0x0000000000016b08                Uart0::~Uart0()
 .text._ZN5Uart0D0Ev
                0x0000000000016b1c       0x14 obj//home/akashv/Documents/CmpE127/SJSU-Dev/firmware/lib/L2_Drivers/src/uart0.o
                0x0000000000016b1c                Uart0::~Uart0()
 .text._ZN5Uart0C2Ev
                0x0000000000016b30       0x1c obj//home/akashv/Documents/CmpE127/SJSU-Dev/firmware/lib/L2_Drivers/src/uart0.o
                0x0000000000016b30                Uart0::Uart0()
                0x0000000000016b30                Uart0::Uart0()
 .text.UART0_IRQHandler
                0x0000000000016b4c       0x24 obj//home/akashv/Documents/CmpE127/SJSU-Dev/firmware/lib/L2_Drivers/src/uart0.o
                0x0000000000016b4c                UART0_IRQHandler
 .text.handle_eint_list
                0x0000000000016b70       0x2c obj//home/akashv/Documents/CmpE127/SJSU-Dev/firmware/lib/L2_Drivers/src/eint.o
 .text.eint3_enable.isra.0
                0x0000000000016b9c       0x38 obj//home/akashv/Documents/CmpE127/SJSU-Dev/firmware/lib/L2_Drivers/src/eint.o
 .text.EINT3_IRQHandler
                0x0000000000016bd4       0x80 obj//home/akashv/Documents/CmpE127/SJSU-Dev/firmware/lib/L2_Drivers/src/eint.o
                0x0000000000016bd4                EINT3_IRQHandler
 .text.eint3_enable_port0
                0x0000000000016c54       0x30 obj//home/akashv/Documents/CmpE127/SJSU-Dev/firmware/lib/L2_Drivers/src/eint.o
                0x0000000000016c54                eint3_enable_port0
 .text.CAN_tx_now
                0x0000000000016c84       0x32 obj//home/akashv/Documents/CmpE127/SJSU-Dev/firmware/lib/L2_Drivers/src/can.o
 *fill*         0x0000000000016cb6        0x2 ff
 .text.CAN_handle_isr
                0x0000000000016cb8       0xa4 obj//home/akashv/Documents/CmpE127/SJSU-Dev/firmware/lib/L2_Drivers/src/can.o
 .text.CAN_IRQHandler
                0x0000000000016d5c       0x28 obj//home/akashv/Documents/CmpE127/SJSU-Dev/firmware/lib/L2_Drivers/src/can.o
                0x0000000000016d5c                CAN_IRQHandler
 .text._ZN5Uart2D2Ev
                0x0000000000016d84       0x14 obj//home/akashv/Documents/CmpE127/SJSU-Dev/firmware/lib/L2_Drivers/src/uart2.o
                0x0000000000016d84                Uart2::~Uart2()
                0x0000000000016d84                Uart2::~Uart2()
 .text._ZN5Uart2D0Ev
                0x0000000000016d98       0x14 obj//home/akashv/Documents/CmpE127/SJSU-Dev/firmware/lib/L2_Drivers/src/uart2.o
                0x0000000000016d98                Uart2::~Uart2()
 .text._ZN5Uart2C2Ev
                0x0000000000016dac       0x1c obj//home/akashv/Documents/CmpE127/SJSU-Dev/firmware/lib/L2_Drivers/src/uart2.o
                0x0000000000016dac                Uart2::Uart2()
                0x0000000000016dac                Uart2::Uart2()
 .text.UART2_IRQHandler
                0x0000000000016dc8       0x24 obj//home/akashv/Documents/CmpE127/SJSU-Dev/firmware/lib/L2_Drivers/src/uart2.o
                0x0000000000016dc8                UART2_IRQHandler
 .text.spi1_lock
                0x0000000000016dec       0x30 obj//home/akashv/Documents/CmpE127/SJSU-Dev/firmware/lib/L2_Drivers/src/spi_sem.o
                0x0000000000016dec                spi1_lock
 .text.spi1_unlock
                0x0000000000016e1c       0x24 obj//home/akashv/Documents/CmpE127/SJSU-Dev/firmware/lib/L2_Drivers/src/spi_sem.o
                0x0000000000016e1c                spi1_unlock
 .text.ssp1_dma_init
                0x0000000000016e40       0x1c obj//home/akashv/Documents/CmpE127/SJSU-Dev/firmware/lib/L2_Drivers/src/spi_dma.o
                0x0000000000016e40                ssp1_dma_init
 .text.ssp1_dma_transfer_block
                0x0000000000016e5c       0xc0 obj//home/akashv/Documents/CmpE127/SJSU-Dev/firmware/lib/L2_Drivers/src/spi_dma.o
                0x0000000000016e5c                ssp1_dma_transfer_block
 .text._ZN4I2C24initEj
                0x0000000000016f1c       0x6c obj//home/akashv/Documents/CmpE127/SJSU-Dev/firmware/lib/L2_Drivers/src/i2c2.o
                0x0000000000016f1c                I2C2::init(unsigned int)
 .text._ZN4I2C2C2Ev
                0x0000000000016f88       0x14 obj//home/akashv/Documents/CmpE127/SJSU-Dev/firmware/lib/L2_Drivers/src/i2c2.o
                0x0000000000016f88                I2C2::I2C2()
                0x0000000000016f88                I2C2::I2C2()
 .text.I2C2_IRQHandler
                0x0000000000016f9c       0x28 obj//home/akashv/Documents/CmpE127/SJSU-Dev/firmware/lib/L2_Drivers/src/i2c2.o
                0x0000000000016f9c                I2C2_IRQHandler
 .text._ZN5Uart3D2Ev
                0x0000000000016fc4       0x14 obj//home/akashv/Documents/CmpE127/SJSU-Dev/firmware/lib/L2_Drivers/src/uart3.o
                0x0000000000016fc4                Uart3::~Uart3()
                0x0000000000016fc4                Uart3::~Uart3()
 .text._ZN5Uart3D0Ev
                0x0000000000016fd8       0x14 obj//home/akashv/Documents/CmpE127/SJSU-Dev/firmware/lib/L2_Drivers/src/uart3.o
                0x0000000000016fd8                Uart3::~Uart3()
 .text._ZN5Uart3C2Ev
                0x0000000000016fec       0x1c obj//home/akashv/Documents/CmpE127/SJSU-Dev/firmware/lib/L2_Drivers/src/uart3.o
                0x0000000000016fec                Uart3::Uart3()
                0x0000000000016fec                Uart3::Uart3()
 .text.UART3_IRQHandler
                0x0000000000017008       0x24 obj//home/akashv/Documents/CmpE127/SJSU-Dev/firmware/lib/L2_Drivers/src/uart3.o
                0x0000000000017008                UART3_IRQHandler
 .text.tlm_component_find_by_name
                0x000000000001702c       0x10 obj//home/akashv/Documents/CmpE127/SJSU-Dev/firmware/lib/L3_Utils/tlm/src/c_tlm_comp.o
 .text.tlm_component_get_by_name
                0x000000000001703c       0x24 obj//home/akashv/Documents/CmpE127/SJSU-Dev/firmware/lib/L3_Utils/tlm/src/c_tlm_comp.o
                0x000000000001703c                tlm_component_get_by_name
 .text.tlm_component_add
                0x0000000000017060       0x6c obj//home/akashv/Documents/CmpE127/SJSU-Dev/firmware/lib/L3_Utils/tlm/src/c_tlm_comp.o
                0x0000000000017060                tlm_component_add
 .text.delay_us
                0x00000000000170cc       0x1c obj//home/akashv/Documents/CmpE127/SJSU-Dev/firmware/lib/L3_Utils/src/utilities.o
                0x00000000000170cc                delay_us
 .text.is_freertos_running
                0x00000000000170e8        0xe obj//home/akashv/Documents/CmpE127/SJSU-Dev/firmware/lib/L3_Utils/src/utilities.o
                0x00000000000170e8                is_freertos_running
 .text.delay_ms
                0x00000000000170f6       0x22 obj//home/akashv/Documents/CmpE127/SJSU-Dev/firmware/lib/L3_Utils/src/utilities.o
                0x00000000000170f6                delay_ms
 .text.c_list_create
                0x0000000000017118       0x14 obj//home/akashv/Documents/CmpE127/SJSU-Dev/firmware/lib/L3_Utils/src/c_list.o
                0x0000000000017118                c_list_create
 .text.c_list_insert_elm_end
                0x000000000001712c       0x38 obj//home/akashv/Documents/CmpE127/SJSU-Dev/firmware/lib/L3_Utils/src/c_list.o
                0x000000000001712c                c_list_insert_elm_end
 .text.c_list_find_elm
                0x0000000000017164       0x2c obj//home/akashv/Documents/CmpE127/SJSU-Dev/firmware/lib/L3_Utils/src/c_list.o
                0x0000000000017164                c_list_find_elm
 .text.c_list_for_each_elm
                0x0000000000017190       0x2a obj//home/akashv/Documents/CmpE127/SJSU-Dev/firmware/lib/L3_Utils/src/c_list.o
                0x0000000000017190                c_list_for_each_elm
 .text.u0_dbg_put
                0x00000000000171ba       0x1e obj//home/akashv/Documents/CmpE127/SJSU-Dev/firmware/lib/L3_Utils/src/printf_lib.o
                0x00000000000171ba                u0_dbg_put
 .text.u0_dbg_printf
                0x00000000000171d8       0x3c obj//home/akashv/Documents/CmpE127/SJSU-Dev/firmware/lib/L3_Utils/src/printf_lib.o
                0x00000000000171d8                u0_dbg_printf
 .text.for_each_recur_alarm_callback
                0x0000000000017214       0x24 obj//home/akashv/Documents/CmpE127/SJSU-Dev/firmware/lib/L3_Utils/src/rtc_alarm.o
 .text.for_each_alarm_callback
                0x0000000000017238       0x5a obj//home/akashv/Documents/CmpE127/SJSU-Dev/firmware/lib/L3_Utils/src/rtc_alarm.o
 *fill*         0x0000000000017292        0x2 ff
 .text.RTC_IRQHandler
                0x0000000000017294       0xac obj//home/akashv/Documents/CmpE127/SJSU-Dev/firmware/lib/L3_Utils/src/rtc_alarm.o
                0x0000000000017294                RTC_IRQHandler
 .text.logger_write_to_file
                0x0000000000017340       0xb4 obj//home/akashv/Documents/CmpE127/SJSU-Dev/firmware/lib/L3_Utils/src/file_logger.o
 .text.logger_task
                0x00000000000173f4       0xd0 obj//home/akashv/Documents/CmpE127/SJSU-Dev/firmware/lib/L3_Utils/src/file_logger.o
 .text.logger_init
                0x00000000000174c4       0xcc obj//home/akashv/Documents/CmpE127/SJSU-Dev/firmware/lib/L3_Utils/src/file_logger.o
                0x00000000000174c4                logger_init
 .text.startup.main
                0x0000000000017590       0xa4 obj/L5_Application/main.o
                0x0000000000017590                main
 .text._ZNK10__cxxabiv117__class_type_info11__do_upcastEPKS0_PPv
                0x0000000000017634       0x34 /home/akashv/Documents/CmpE127/SJSU-Dev/tools/gcc-arm-none-eabi-6-2017-q2-update/bin/../lib/gcc/arm-none-eabi/6.3.1/../../../../arm-none-eabi/lib/thumb/v7-m/libstdc++_nano.a(class_type_info.o)
                0x0000000000017634                __cxxabiv1::__class_type_info::__do_upcast(__cxxabiv1::__class_type_info const*, void**) const
 .text._ZNK10__cxxabiv117__class_type_info20__do_find_public_srcEiPKvPKS0_S2_
                0x0000000000017668        0xc /home/akashv/Documents/CmpE127/SJSU-Dev/tools/gcc-arm-none-eabi-6-2017-q2-update/bin/../lib/gcc/arm-none-eabi/6.3.1/../../../../arm-none-eabi/lib/thumb/v7-m/libstdc++_nano.a(class_type_info.o)
                0x0000000000017668                __cxxabiv1::__class_type_info::__do_find_public_src(int, void const*, __cxxabiv1::__class_type_info const*, void const*) const
 .text._ZN10__cxxabiv117__class_type_infoD2Ev
                0x0000000000017674       0x14 /home/akashv/Documents/CmpE127/SJSU-Dev/tools/gcc-arm-none-eabi-6-2017-q2-update/bin/../lib/gcc/arm-none-eabi/6.3.1/../../../../arm-none-eabi/lib/thumb/v7-m/libstdc++_nano.a(class_type_info.o)
                0x0000000000017674                __cxxabiv1::__class_type_info::~__class_type_info()
                0x0000000000017674                __cxxabiv1::__class_type_info::~__class_type_info()
 .text._ZN10__cxxabiv117__class_type_infoD0Ev
                0x0000000000017688       0x14 /home/akashv/Documents/CmpE127/SJSU-Dev/tools/gcc-arm-none-eabi-6-2017-q2-update/bin/../lib/gcc/arm-none-eabi/6.3.1/../../../../arm-none-eabi/lib/thumb/v7-m/libstdc++_nano.a(class_type_info.o)
                0x0000000000017688                __cxxabiv1::__class_type_info::~__class_type_info()
 .text._ZNK10__cxxabiv117__class_type_info11__do_upcastEPKS0_PKvRNS0_15__upcast_resultE
                0x000000000001769c       0x18 /home/akashv/Documents/CmpE127/SJSU-Dev/tools/gcc-arm-none-eabi-6-2017-q2-update/bin/../lib/gcc/arm-none-eabi/6.3.1/../../../../arm-none-eabi/lib/thumb/v7-m/libstdc++_nano.a(class_type_info.o)
                0x000000000001769c                __cxxabiv1::__class_type_info::__do_upcast(__cxxabiv1::__class_type_info const*, void const*, __cxxabiv1::__class_type_info::__upcast_result&) const
 .text._ZNK10__cxxabiv117__class_type_info10__do_catchEPKSt9type_infoPPvj
                0x00000000000176b4       0x2a /home/akashv/Documents/CmpE127/SJSU-Dev/tools/gcc-arm-none-eabi-6-2017-q2-update/bin/../lib/gcc/arm-none-eabi/6.3.1/../../../../arm-none-eabi/lib/thumb/v7-m/libstdc++_nano.a(class_type_info.o)
                0x00000000000176b4                __cxxabiv1::__class_type_info::__do_catch(std::type_info const*, void**, unsigned int) const
 .text._ZNK10__cxxabiv117__class_type_info12__do_dyncastEiNS0_10__sub_kindEPKS0_PKvS3_S5_RNS0_16__dyncast_resultE
                0x00000000000176de       0x38 /home/akashv/Documents/CmpE127/SJSU-Dev/tools/gcc-arm-none-eabi-6-2017-q2-update/bin/../lib/gcc/arm-none-eabi/6.3.1/../../../../arm-none-eabi/lib/thumb/v7-m/libstdc++_nano.a(class_type_info.o)
                0x00000000000176de                __cxxabiv1::__class_type_info::__do_dyncast(int, __cxxabiv1::__class_type_info::__sub_kind, __cxxabiv1::__class_type_info const*, void const*, __cxxabiv1::__class_type_info const*, void const*, __cxxabiv1::__class_type_info::__dyncast_result&) const
 *fill*         0x0000000000017716        0x2 ff
 .text._ZN10__cxxabiv120__si_class_type_infoD2Ev
                0x0000000000017718       0x14 /home/akashv/Documents/CmpE127/SJSU-Dev/tools/gcc-arm-none-eabi-6-2017-q2-update/bin/../lib/gcc/arm-none-eabi/6.3.1/../../../../arm-none-eabi/lib/thumb/v7-m/libstdc++_nano.a(si_class_type_info.o)
                0x0000000000017718                __cxxabiv1::__si_class_type_info::~__si_class_type_info()
                0x0000000000017718                __cxxabiv1::__si_class_type_info::~__si_class_type_info()
 .text._ZN10__cxxabiv120__si_class_type_infoD0Ev
                0x000000000001772c       0x14 /home/akashv/Documents/CmpE127/SJSU-Dev/tools/gcc-arm-none-eabi-6-2017-q2-update/bin/../lib/gcc/arm-none-eabi/6.3.1/../../../../arm-none-eabi/lib/thumb/v7-m/libstdc++_nano.a(si_class_type_info.o)
                0x000000000001772c                __cxxabiv1::__si_class_type_info::~__si_class_type_info()
 .text._ZNK10__cxxabiv120__si_class_type_info20__do_find_public_srcEiPKvPKNS_17__class_type_infoES2_
                0x0000000000017740       0x38 /home/akashv/Documents/CmpE127/SJSU-Dev/tools/gcc-arm-none-eabi-6-2017-q2-update/bin/../lib/gcc/arm-none-eabi/6.3.1/../../../../arm-none-eabi/lib/thumb/v7-m/libstdc++_nano.a(si_class_type_info.o)
                0x0000000000017740                __cxxabiv1::__si_class_type_info::__do_find_public_src(int, void const*, __cxxabiv1::__class_type_info const*, void const*) const
 .text._ZNK10__cxxabiv120__si_class_type_info12__do_dyncastEiNS_17__class_type_info10__sub_kindEPKS1_PKvS4_S6_RNS1_16__dyncast_resultE
                0x0000000000017778       0x7c /home/akashv/Documents/CmpE127/SJSU-Dev/tools/gcc-arm-none-eabi-6-2017-q2-update/bin/../lib/gcc/arm-none-eabi/6.3.1/../../../../arm-none-eabi/lib/thumb/v7-m/libstdc++_nano.a(si_class_type_info.o)
                0x0000000000017778                __cxxabiv1::__si_class_type_info::__do_dyncast(int, __cxxabiv1::__class_type_info::__sub_kind, __cxxabiv1::__class_type_info const*, void const*, __cxxabiv1::__class_type_info const*, void const*, __cxxabiv1::__class_type_info::__dyncast_result&) const
 .text._ZNK10__cxxabiv120__si_class_type_info11__do_upcastEPKNS_17__class_type_infoEPKvRNS1_15__upcast_resultE
                0x00000000000177f4       0x2a /home/akashv/Documents/CmpE127/SJSU-Dev/tools/gcc-arm-none-eabi-6-2017-q2-update/bin/../lib/gcc/arm-none-eabi/6.3.1/../../../../arm-none-eabi/lib/thumb/v7-m/libstdc++_nano.a(si_class_type_info.o)
                0x00000000000177f4                __cxxabiv1::__si_class_type_info::__do_upcast(__cxxabiv1::__class_type_info const*, void const*, __cxxabiv1::__class_type_info::__upcast_result&) const
 .text._ZdlPvj  0x000000000001781e        0x4 /home/akashv/Documents/CmpE127/SJSU-Dev/tools/gcc-arm-none-eabi-6-2017-q2-update/bin/../lib/gcc/arm-none-eabi/6.3.1/../../../../arm-none-eabi/lib/thumb/v7-m/libstdc++_nano.a(del_ops.o)
                0x000000000001781e                operator delete(void*, unsigned int)
 .text.__cxa_guard_acquire
                0x0000000000017822       0x18 /home/akashv/Documents/CmpE127/SJSU-Dev/tools/gcc-arm-none-eabi-6-2017-q2-update/bin/../lib/gcc/arm-none-eabi/6.3.1/../../../../arm-none-eabi/lib/thumb/v7-m/libstdc++_nano.a(guard.o)
                0x0000000000017822                __cxa_guard_acquire
 .text.__cxa_guard_release
                0x000000000001783a        0x6 /home/akashv/Documents/CmpE127/SJSU-Dev/tools/gcc-arm-none-eabi-6-2017-q2-update/bin/../lib/gcc/arm-none-eabi/6.3.1/../../../../arm-none-eabi/lib/thumb/v7-m/libstdc++_nano.a(guard.o)
                0x000000000001783a                __cxa_guard_release
 .text.__cxa_pure_virtual
                0x0000000000017840        0x6 /home/akashv/Documents/CmpE127/SJSU-Dev/tools/gcc-arm-none-eabi-6-2017-q2-update/bin/../lib/gcc/arm-none-eabi/6.3.1/../../../../arm-none-eabi/lib/thumb/v7-m/libstdc++_nano.a(pure.o)
                0x0000000000017840                __cxa_pure_virtual
 *fill*         0x0000000000017846        0x2 ff
 .text._ZN10__cxxabiv121__vmi_class_type_infoD2Ev
                0x0000000000017848       0x14 /home/akashv/Documents/CmpE127/SJSU-Dev/tools/gcc-arm-none-eabi-6-2017-q2-update/bin/../lib/gcc/arm-none-eabi/6.3.1/../../../../arm-none-eabi/lib/thumb/v7-m/libstdc++_nano.a(vmi_class_type_info.o)
                0x0000000000017848                __cxxabiv1::__vmi_class_type_info::~__vmi_class_type_info()
                0x0000000000017848                __cxxabiv1::__vmi_class_type_info::~__vmi_class_type_info()
 .text._ZN10__cxxabiv121__vmi_class_type_infoD0Ev
                0x000000000001785c       0x14 /home/akashv/Documents/CmpE127/SJSU-Dev/tools/gcc-arm-none-eabi-6-2017-q2-update/bin/../lib/gcc/arm-none-eabi/6.3.1/../../../../arm-none-eabi/lib/thumb/v7-m/libstdc++_nano.a(vmi_class_type_info.o)
                0x000000000001785c                __cxxabiv1::__vmi_class_type_info::~__vmi_class_type_info()
 .text._ZNK10__cxxabiv121__vmi_class_type_info20__do_find_public_srcEiPKvPKNS_17__class_type_infoES2_
                0x0000000000017870       0x74 /home/akashv/Documents/CmpE127/SJSU-Dev/tools/gcc-arm-none-eabi-6-2017-q2-update/bin/../lib/gcc/arm-none-eabi/6.3.1/../../../../arm-none-eabi/lib/thumb/v7-m/libstdc++_nano.a(vmi_class_type_info.o)
                0x0000000000017870                __cxxabiv1::__vmi_class_type_info::__do_find_public_src(int, void const*, __cxxabiv1::__class_type_info const*, void const*) const
 .text._ZNK10__cxxabiv117__class_type_info17__find_public_srcEiPKvPKS0_S2_
                0x00000000000178e4       0x2a /home/akashv/Documents/CmpE127/SJSU-Dev/tools/gcc-arm-none-eabi-6-2017-q2-update/bin/../lib/gcc/arm-none-eabi/6.3.1/../../../../arm-none-eabi/lib/thumb/v7-m/libstdc++_nano.a(vmi_class_type_info.o)
                0x00000000000178e4                __cxxabiv1::__class_type_info::__find_public_src(int, void const*, __cxxabiv1::__class_type_info const*, void const*) const
 .text._ZNK10__cxxabiv121__vmi_class_type_info12__do_dyncastEiNS_17__class_type_info10__sub_kindEPKS1_PKvS4_S6_RNS1_16__dyncast_resultE
                0x000000000001790e      0x292 /home/akashv/Documents/CmpE127/SJSU-Dev/tools/gcc-arm-none-eabi-6-2017-q2-update/bin/../lib/gcc/arm-none-eabi/6.3.1/../../../../arm-none-eabi/lib/thumb/v7-m/libstdc++_nano.a(vmi_class_type_info.o)